 1: Tour │ 2: Dash │ 3: Shakes │ 4: Code │ 5: Widgets │ 6: Layout │ 7: Forms │ 8: DataViz │ 9: Files │ 0: Adv │ -: Tables │ -: Caps │ -: Macro │ -: Perf │ -: MD │ -: Mermaid │ -: MermaidMega │ -: VFX 
╭──────────────────────────────────────────────────────────────────────────────────────────────Dashboard───────────────────────────────────────────────────────────────────────────────────────────────╮
│FRANKENTUI DASHBOARD                                                                                                                                                                                  │
│╭──────────Plasma───────────╮╭──────────────Charts · Pulse──────────────╮╭────────────Code · Rust (1/28)────────────╮╭───────────Info───────────╮  ┌────────────────── Pane Studio ──────────────────┐│
││⣿⣿⣿⣿⣿⣿⣿⣿⣿⣿⣿⣿⣿⣿⣿⣿⣿⣿⣿⣿⣿⣿⣿⣿⣿⣿⣿││g:cycle · sparklines + mini bars · CPU  46││// runtime.rs                             ││FrankenTUI Kernel · LIVE ·│  │mode:Focus sel:1 tl:0/0 ops:0 sp:3/h0/a0────────╮││
││⣿⣿⣿⣿⣿⣿⣿⣿⣿⣿⣿⣿⣿⣿⣿⣿⣿⣿⣿⣿⣿⣿⣿⣿⣿⣿⣿││CPU ▃ ▃▃▂▂▁▁▄▃▄▂▅▅▅▆▂▄▅▃▆▅▄▄▆▆▅▆▇█     46%││use std::{collections::HashMap, sync::Arc,││ INLINE   BRAILLE FX      │  │┃                      ││                       │││
││⣿⣿⣿⣿⣿⣿⣿⣿⣿⣿⣿⣿⣿⣿⣿⣿⣿⣿⣿⣿⣿⣿⣿⣿⣿⣿⣿││MEM ▅▂ ▃▁▄▄▂▂▇▅▃▅▂▃▄▆▄▇█▂▆▅▄▂▇▅▆█▅     41%││                                          ││Status: NOMINAL │ Events: │  │┃ 24x18  @149,4        ││ 25x18  @173,4         │││
││⣿⣿⣿⣿⣿⣿⣿⣿⣿⣿⣿⣿⣿⣿⣿⣿⣿⣿⣿⣿⣿⣿⣿⣿⣿⣿⣿││NET ▁▁▁▁▁  ▁   ▇▁▁    ▁ █▁▁▁▁█▁ ▁       14││use ftui_core::event::Event;              ││FPS: 0  Tick:Size: 198x46 │  │┃                      ││                       │││
││⣿⣿⣿⣿⣿⣿⣿⣿⣿⣿⣿⣿⣿⣿⣿⣿⣿⣿⣿⣿⣿⣿⣿⣿⣿⣿⣿││OUT ▁▁▁▃▁█  ▁▁ ▁  ▁▁▇    ▁   ▁▁ ▂▁     149││use ftui_render::cell::Cell;              ││Events/s: 115Theme: High C│  │┃                      ││                       │││
││⣿⣿⣿⣿⣿⣿⣿⣿⣿⣿⣿⣿⣿⣿⣿⣿⣿⣿⣿⣿⣿⣿⣿⣿⣿⣿⣿││EPS ████░  77% DSK ███░  67% IO  ░░░░   7%││use ftui_render::frame::Frame;            ││CPU:  46%  MEAlerts: 1    │  │┃                      ││                       │││
││⣿⣿⣿⣿⣿⣿⣿⣿⣿⣿⣿⣿⣿⣿⣿⣿⣿⣿⣿⣿⣿⣿⣿⣿⣿⣿⣿││                                          ││use ftui_runtime::{Cmd, Model, Program};  ││NET:   14↓ / Pipeline: BUF│  │┃                      ││                       │││
││⣿⣿⣿⣿⣿⣿⣿⣿⣿⣿⣿⣿⣿⣿⣿⣿⣿⣿⣿⣿⣿⣿⣿⣿⣿⣿⣿││                                          ││                                          ││Frame:  0.0msHeadroom: +16│  │┃                      ││                       │││
││⣿⣿⣿⣿⣿⣿⣿⣿⣿⣿⣿⣿⣿⣿⣿⣿⣿⣿⣿⣿⣿⣿⣿⣿⣿⣿⣿││                                          ││#[derive(Debug, Clone)]                   ││                          │  │┃                      ││                       │││
││⣿⣿⣿⣿⣿⣿⣿⣿⣿⣿⣿⣿⣿⣿⣿⣿⣿⣿⣿⣿⣿⣿⣿⣿⣿⣿⣿││                                          ││enum Msg {                                ││                          │  │┃                      ││                       │││
││⣿⣿⣿⣿⣿⣿⣿⣿⣿⣿⣿⣿⣿⣿⣿⣿⣿⣿⣿⣿⣿⣿⣿⣿⣿⣿⣿││                                          ││    Tick(u64),                            ││                          │  │┃                      ││                       │││
││⣿⣿⣿⣿⣿⣿⣿⣿⣿⣿⣿⣿⣿⣿⣿⣿⣿⣿⣿⣿⣿⣿⣿⣿⣿⣿⣿││                                          ││    Resize { w: u16, h: u16 },            ││                          │  │┃                      ││                       │││
││⣿⣿⣿⣿⣿⣿⣿⣿⣿⣿⣿⣿⣿⣿⣿⣿⣿⣿⣿⣿⣿⣿⣿⣿⣿⣿⣿││                                          ││    Log(String),                          ││                          │  │┃                      ││                       │││
││⣿⣿⣿⣿⣿⣿⣿⣿⣿⣿⣿⣿⣿⣿⣿⣿⣿⣿⣿⣿⣿⣿⣿⣿⣿⣿⣿││                                          ││    Quit,                                 ││                          │  │┃                      ││                       │││
││⣿⣿⣿⣿⣿⣿⣿⣿⣿⣿⣿⣿⣿⣿⣿⣿⣿⣿⣿⣿⣿⣿⣿⣿⣿⣿⣿││                                          ││}                                         ││                          │  │┃                      ││                       │││
││⣿⣿⣿⣿⣿⣿⣿⣿⣿⣿⣿⣿⣿⣿⣿⣿⣿⣿⣿⣿⣿⣿⣿⣿⣿⣿⣿││                                          ││                                          ││                          │  │┃                      ││                       │││
││⣿⣿⣿⣿⣿⣿⣿⣿⣿⣿⣿⣿⣿⣿⣿⣿⣿⣿⣿⣿⣿⣿⣿⣿⣿⣿⣿││                                          ││struct App<T: Send + Sync + 'static> {    ││                          │  │┃                      ■│                       │││
││⣿⣿⣿⣿⣿⣿⣿⣿⣿⣿⣿⣿⣿⣿⣿⣿⣿⣿⣿⣿⣿⣿⣿⣿⣿⣿⣿││                                          ││    frames: u64,                          ││CPU ████████░░░░░░░░░  46%│  │──────────■■■■────────────────────■■■■───────────││
││⣿⣿⣿⣿⣿⣿⣿⣿⣿⣿⣿⣿⣿⣿⣿⣿⣿⣿⣿⣿⣿⣿⣿⣿⣿⣿⣿││                                          ││    last_size: (u16, u16),                ││MEM ███████░░░░░░░░░░  41%│  │╭───────5 pane-3───────■╭───────7 pane-4────────╮││
││⣿⣿⣿⣿⣿⣿⣿⣿⣿⣿⣿⣿⣿⣿⣿⣿⣿⣿⣿⣿⣿⣿⣿⣿⣿⣿⣿││                                          ││    cache: HashMap<String, Arc<T>>,       ││NET █░░░░░░░░░░░░░░░░   8%│  ││                      ■│                       │││
││⣿⣿⣿⣿⣿⣿⣿⣿⣿⣿⣿⣿⣿⣿⣿⣿⣿⣿⣿⣿⣿⣿⣿⣿⣿⣿⣿││                                          ││}                                         ││FRM                    n/a│  ││ 24x19  @149,22       ■│ 25x19  @173,22        │││
││Click → Visual Effects⣿⣿⣿⣿⣿││Click → Data Viz                          ││Click → Code Explorer                     ││Click → Performance ▇  163│  ││                      ││                       │││
│╰───────────────────────────╯╰──────────────────────────────────────────╯╰──────────────────────────────────────────╯╰──────────────────────────╯  ││                      ││                       │││
│╭──────Text FX · 3-Up (1/28)───────│╭────────────────────────Activity────────────────────────│╭────────────Markdown · Streaming… 0%────────────╮   ││                      ││                       │││
││Sample 1 of 3 · 3-Up stack        ││SEV TIME  COMP  MESSAGE                                 ││▌                                               │   ││                      ││                       │││
││1 · None · S1                     ││ INFO  00:02  ● CP CPU spike detected on core 3         ││                                                │   ││                      ││                       │││
││# FX Lab · Deterministic Spectra  ││                                                        ││                                                │   ││                      ││                       │││
││> *"Render truth, not pixels."* — ││                                                        ││                                                │   ││                      ││                       │││
││                                  ││                                                        ││                                                │   ││                      ││                       │││
││- [x] Inline scrollback (DEC 7/8) ││                                                        ││                                                │   ││                      ││                       │││
││2 · FadeIn · S2                   ││                                                        ││                                                │   ││                      ││                       │││
││## GFM Stress · Ledger            ││                                                        ││                                                │   ││                      ││                       │││
││1. **Bold** + _italic_ + ~~strike~││                                                        ││                                                │   ││                      ││                       │││
││2. `code` + [links](https://ftui.d⋮│                                                        ⋮│                                                │   ││                      ││                       │││
││3. Nested:                        ││                                                        ││                                                │   ││                      ││                       │││
││3 · FadeOut · S3                  ││                                                        ││                                                │   ││                      ││                       │││
││### Runtime Ledger · Mixed        ││                                                        ││                                                │   │╰──────────────────────│╰───────────────────────╯││
││- [x] Tasks                       ││                                                        ││                                                │   └─────────────────────────────────────────────────┘│
││- [ ] Benchmarks                  ││                                                        ││                                                │                                                      │
││- [x] Evidence log                ││                                                        ││                                                │   ╭Pane Studio──────────────────────────────────────╮│
││                                  ││                                                        ││                                                │   │Drag docks | Right click mode | Wheel magnetism  ││
││drag panes in dashboard rail · rig││Click → Action Timeline                                 ││Click → Markdown                                │   │                                                 ││
│╰──────────────────────────────────│╰────────────────────────────────────────────────────────│╰────────────────────────────────────────────────╯   ╰─────────────────────────────────────────────────╯│
│g:charts c:code e:fx m:md | drag bottom dividers: resize | 1-9:screens | t:theme | q:quit                                                                                                             │
╰──────────────────────────────────────────────────────────────────────────────────────────────────────────────────────────────────────────────────────────────────────────────────────────────────────╯
 Dashboard [2/45]  High Contrast [h] [cmd] [p] [d]  Mouse: AUTO (alt:ON) A11y:HC RM LT                          Tab: next screen · Shift+Tab: prev │ tick:0 frm:0                          200x50 00:00 