╭───────────────────────────────────────────────────Filters + Follow───────────────────────────────────────────────────╮
│Follow[F]: ON  Component[C]: all  Severity[S]: all  Type[T]: all  Clear[X]                                            │
╰──────────────────────────────────────────────────────────────────────────────────────────────────────────────────────╯
╭──────────────────────────Event Timeline──────────────────────────╮╭───────────────────Event Detail───────────────────╮
│  10 TRACE runtime render  Frame diff computed                    ││ID: 22                                            │
│  11 DEBUG runtime render  Frame diff computed                    ││Tick: 20                                          │
│   2 INFO  runtime input   Key event processed                    ││Severity: TRACE                                   │
│   4 ERROR render  cmd     Command dispatched to model            ││Component: render                                 │
│   6 DEBUG widgets sub     Subscription tick delivered            ││Type: budget                                      │
│   8 WARN  core    sub     Subscription tick delivered            ││                                                  │
│  10 TRACE runtime render  Frame diff computed                    ││Summary:                                          │
│  12 INFO  render  present Presenter emitted ANSI batch           ││  Render budget degraded                          │
│  14 ERROR widgets present Presenter emitted ANSI batch           ││                                                  │
│  16 DEBUG core    caps    Capability probe updated               ││Fields:                                           │
│  18 WARN  runtime budget  Render budget degraded                 ││  latency_ms: 20                                  │
│  20 TRACE render  budget  Render budget degraded                 ││  diff_cells: 20                                  │
│                                                                  ││  ansi_bytes: 940                                 │
│                                                                  ││                                                  │
│                                                                  ││Evidence:                                         │
│                                                                  ││  budget: frame_time > p95                        │
│                                                                  ││                                                  │
│                                                                  ││                                                  │
│                                                                  ││                                                  │
│                                                                  ││                                                  │
│                                                                  ││                                                  │
│                                                                  ││                                                  │
│                                                                  ││                                                  │
│                                                                  ││                                                  │
│                                                                  ││                                                  │
│                                                                  ││                                                  │
│                                                                  ││                                                  │
│                                                                  ││                                                  │
│                                                                  ││                                                  │
│                                                                  ││                                                  │
│                                                                  ││                                                  │
│                                                                  ││                                                  │
│                                                                  ││                                                  │
│                                                                  ││                                                  │
│                                                                  ││                                                  │
╰──────────────────────────────────────────────────────────────────╯╰──────────────────────────────────────────────────╯