 1: Dash │ 2: Shakes │ 3: Code │ 4: Widgets │ 5: Layout │ 6: Forms │ 7: DataViz 
╭──────────────────────────────────Dashboard───────────────────────────────────╮
│FRANKENTUI DASHBOARD                                                          │
│╭──────Plasma──────╮╭───────Charts · Pulse────────╮╭───Code · Rust (1/28)────╮│
││⣿⣿⣿⣿⣿⣿⣿⣿⣿⣿⣿⣿⣿⣿⣿⣿⣿⣿││g:cycle · sparklines + mini b││// runtime.rs            ││
││⣿⣿⣿⣿⣿⣿⣿⣿⣿⣿⣿⣿⣿⣿⣿⣿⣿⣿││CPU ▃ ▃▃▂▂▁▁▄▃▄▂▅▅▅▆▂▄▅▃▆ 46%││use std::{collections::Ha││
││⣿⣿⣿⣿⣿⣿⣿⣿⣿⣿⣿⣿⣿⣿⣿⣿⣿⣿││MEM ▅▂ ▃▁▄▄▂▂▇▅▃▅▂▃▄▆▄▇█▂ 41%││                         ││
││⣿⣿⣿⣿⣿⣿⣿⣿⣿⣿⣿⣿⣿⣿⣿⣿⣿⣿││NET ▁▁▁▁▁  ▁   ▇▁▁    ▁ █▁ 14││use ftui_core::event::Eve││
││⣿⣿⣿⣿⣿⣿⣿⣿⣿⣿⣿⣿⣿⣿⣿⣿⣿⣿││OUT ▁▁▁▃▁█  ▁▁ ▁  ▁▁▇    ▁149││Click → Code Explorer::Ce││
││⣿⣿⣿⣿⣿⣿⣿⣿⣿⣿⣿⣿⣿⣿⣿⣿⣿⣿││EPS ████░ DSK ███░░ IO  ░░░░░│╰─────────────────────────╯│
││⣿⣿⣿⣿⣿⣿⣿⣿⣿⣿⣿⣿⣿⣿⣿⣿⣿⣿││                             │╭──────────Info───────────╮│
││⣿⣿⣿⣿⣿⣿⣿⣿⣿⣿⣿⣿⣿⣿⣿⣿⣿⣿││                             ││Status:NOMINAL FPS:0     ││
││Click → Visual Eff││Click → Data Viz             ││Click → Performance      ││
│╰──────────────────╯╰─────────────────────────────╯╰─────────────────────────╯│
│╭Text FX · 2-Up (1/28)╮╭──────────Activity───────────╮╭Markdown · Streaming…╮ │
││Sample 1 of 3 · 2-Up ││● INFO 00:02 · CPU spike dete││▌                    │ │
││1 · None · S1        ││                             ││                     │ │
││2 · FadeIn · S2      ││                             ││                     │ │
││## GFM Stress        ││                             ││                     │ │
││e: next set · click →││Click → Action Timeline      ││Click → Markdown     │ │
│╰─────────────────────╯╰─────────────────────────────╯╰─────────────────────╯ │
│g:charts c:code e:fx m:md | 1-9:screens | Tab:next | t:theme | ?:help | q:quit│
╰──────────────────────────────────────────────────────────────────────────────╯
 Dashboard [1/34]  Cyberpunk Aurora           tick:0 frm:0            0x0 00:00 