 1: Tour │ 2: Dash │ 3: Shakes │ 4: Code │ 5: Widgets │ 6: Layout │ 7: Forms    
╭──────────────────────────────────Dashboard───────────────────────────────────╮
│FRANKENTUI DASHBOARD                                                          │
│╭──────Plasma──────╮╭───────Charts · Pulse────────╮╭───Code · Rust (1/28)────╮│
││⣿⣿⣿⣿⣿⣿⣿⣿⣿⣿⣿⣿⣿⣿╭────────────── Command Palette ───────────────╮rs            ││
││⣿⣿⣿⣿⣿⣿⣿⣿⣿⣿⣿⣿⣿⣿│>Type to search...                            │ollections::Ha││
││⣿⣿⣿⣿⣿⣿⣿⣿⣿⣿⣿⣿⣿⣿│> [App] Quit  Exit the application            │              ││
││⣿⣿⣿⣿⣿⣿⣿⣿⣿⣿⣿⣿⣿⣿│  [Visuals] Data Viz  Dense charts and small-…│re::event::Eve││
││⣿⣿⣿⣿⣿⣿⣿⣿⣿⣿⣿⣿⣿⣿│  [Core] Advanced  Advanced widget patterns a…│e Explorer::Ce││
││⣿⣿⣿⣿⣿⣿⣿⣿⣿⣿⣿⣿⣿⣿│  [Text] Markdown  Markdown rendering with st…│──────────────╯│
││⣿⣿⣿⣿⣿⣿⣿⣿⣿⣿⣿⣿⣿⣿│  [Tour] Dashboard  Cinematic overview of key…│nfo───────────╮│
││⣿⣿⣿⣿⣿⣿⣿⣿⣿⣿⣿⣿⣿⣿│  [Interaction] Layout Lab  Constraint lab + …│NAL FPS:0     ││
││Click → Visual│  [Text] Log Search  Search and filter logs w…│formance      ││
│╰──────────────│  [Tour] Guided Tour  Cinematic auto-play tou…│──────────────╯│
│╭Text FX · 2-Up│  [Text] Shakespeare  Live search over Shakes…│treaming… 0%─╮ │
││Sample 1 of 3 │  [Systems] Performance  Render performance m…│             │ │
││1 · None · S1 │  [Systems] Async Tasks  Async tasks and job …│             │ │
││2 · FadeIn · S│  [Systems] VOI Overlay  Value-of-information…│             │ │
││              ╰──────────────────────────────────────────────╯             │ │
││drag panes in das││Click → Action Timeline      ││Click → Markdown         │ │
│╰─────────────────│╰─────────────────────────────│╰─────────────────────────╯ │
│g:charts c:code e:fx m:md | drag bottom dividers: resize | 1-9:screens | t:the│
╰──────────────────────────────────────────────────────────────────────────────╯
 Dashboard [2/45] [h] [Cmd] [p] [d]    Tab/Shift+Tab: next/prev     80x24 00:00 