 1: Tour │ 2: Dash │ 3: Shakes │ 4: Code │ 5: Widgets │ 6: Layout │ 7: Forms    
╭────────────────────────────────Notifications─────────────────────────────────╮
│╭──────Notification Demo──────╮                                               │
││Press keys to trigger notific│                                               │
││                             │                                               │
││  s  Success notification    │                                               │
││  e  Error with Retry action │                                               │
││  w  Warning notification    │                                               │
││  i  Info notification       │                                               │
││  u  Urgent with Ack/Snooze a│                                               │
││  d  Dismiss all notification│                                               │
││                             │                                               │
││Queue: 0 visible, 0 pending  │                                               │
││Total shown: 0               │                                               │
││Last action: (none)          │                                               │
││                             │                                               │
││                             │                                               │
││                             │                                               │
││                             │                                               │
││                             │                                               │
││                             │                                               │
│╰─────────────────────────────╯                                               │
╰──────────────────────────────────────────────────────────────────────────────╯
 Notifications [21/45] [h] [cmd] [p] [d]   Tab/Shift+Tab: next/prev   0x0 00:00 