 1: Tour │ 2: Dash │ 3: Shakes │ 4: Code │ 5: Widgets │ 6: Layout │ 7: Forms    
╭─────────────────────────────Advanced Text Editor─────────────────────────────╮
│╭───────────────────────────────────Editor───────────────────────────────────╮│
││ 1  Welcome to the Advanced Text Editor!                                    ││
││ 2            ╔═════════ ⌨ Keyboard Shortcuts (Esc) ═════════╗              ││
││ 3  This is a ║ Navigation                                   ║ilities.      ││
││ 4  You can ed║ [Ctrl+K]                          Open comma ║              ││
││ 5            ║                                              ║              ││
││ 6  Features: ║ View                                         ║              ││
││ 7  - Multi-li║ [?]                               Toggle thi ║              ││
││ 8  - Selectio║ [Esc]                             Dismiss to ║              ││
││ 9  - Undo (Ct║ [m / F6]                          Toggle mou ║              ││
││10  - Search (║ [Ctrl+P]                          Toggle per ║              ││
││11  - Replace ║ [Ctrl+I]                          Toggle evi ║              ││
││12            ║ [Shift+A]                         Toggle A11 ║              ││
││13  Try editin║ [F12]                             Toggle deb ║              ││
││14            ║                                              ║              ││
││15  Unicode su║ Editing                                      ║              ││
││16  - Emoji:  ║                                              ║              ││
││17  - CJK: ?? ╚═══════════Press ? or Esc to close════════════╝              ││
│╰────────────────────────────────────────────────────────────────────────────╯│
│Ready | Ctrl+F: Search | Ctrl+H: Replace | ?: Help                            │
╰──────────────────────────────────────────────────────────────────────────────╯
 Advanced Text Editor [25/45]       Tab/Shift+Tab: next/prev        80x24 00:00 