 1: Tour │ 2: Dash │ 3: Shakes │ 4: Code │ 5: Widgets │ 6: Layout │ 7: Forms    
╭────────────────────────────────Widget Builder────────────────────────────────╮
│Preset: Starter Kit  |  Widgets: 4  |  [P] cycle  [S] save  [X] export        │
│                                                                              │
│╭Presets───────────────────╮╭Intro Paragraph─────────────────────────────────╮│
││>  Starter Kit            ││Compose widgets, tweak props, and observe layout││
││Status Wall               │╰────────────────────────────────────────────────╯│
││Minimal                   │╭Checklist───────────────────────────────────────╮│
││                          ││* Implement                                    ↓││
│╰──────────────────────────╯╰────────────────────────────────────────────────╯│
│╭Widget Tree───────────────╮╭Build Progress──────────────────────────────────╮│
││>  01. Paragraph [on]     ││                      65%                       ││
││02. List [on]             │╰────────────────────────────────────────────────╯│
││03. Progress [on]         │╭Throughput──────────────────────────────────────╮│
││04. Sparkline [on]        ││▁▄ ▅▇▃█▅▄▇▁▅                                    ││
│╰──────────────────────────╯╰────────────────────────────────────────────────╯│
│╭Props───────────────────────────────────────────────────────────────────────╮│
││Selected: Paragraph (#1)                                                    ││
││Enabled: on  (E)                                                            ││
││Border: on  (B)                                                             ││
││Title: on   (T)                                                             ││
│╰────────────────────────────────────────────────────────────────────────────╯│
╰──────────────────────────────────────────────────────────────────────────────╯
 Widget Builder [38/45] [h] [cmd] [p] [d]  Tab/Shift+Tab: next/prev   0x0 00:00 