 1: Tour │ 2: Dash │ 3: Shakes │ 4: Code │ 5: Widgets │ 6: Layout │ 7: Forms │ 8: DataViz │ 9: Files │ 0: Adv           
╭──────────────────────────────────────────────────────Dashboard───────────────────────────────────────────────────────╮
│FRANKENTUI DASHBOARD                                                                                                  │
│╭────Plasma─────╮╭─────Charts · Pulse─────╮╭───Code · Rust (1/28)───╮╭─────Info──────╮  ┌─────── Pane Studio ────────┐│
││⣿⣿⣿⣿⣿⣿⣿⣿⣿⣿⣿⣿⣿⣿⣿││g:cycle · sparklines + m││// runtime.rs           ││FrankenTUI Kern│  │mode:Focus sel:1 tl:0/0 ops:││
││⣿⣿⣿⣿⣿⣿⣿⣿⣿⣿⣿⣿⣿⣿⣿││CPU ▃ ▃▃▂▂▁▁▄▃▄▂▅▅▅▆ 46%││use std::{collections::H││ INLINE        │  │┃            ││            │││
││⣿⣿⣿⣿⣿⣿⣿⣿⣿⣿⣿⣿⣿⣿⣿││MEM ▅╭────────────────────────── Command Palette ───────────────────────────╮3  @90 ││ 14x13  @10 │││
││⣿⣿⣿⣿⣿⣿⣿⣿⣿⣿⣿⣿⣿⣿⣿││NET ▁│>Type to search...                                                    │       ││            │││
││⣿⣿⣿⣿⣿⣿⣿⣿⣿⣿⣿⣿⣿⣿⣿││OUT ▁│> [App] Quit  Exit the application                                    │       ││            │││
││⣿⣿⣿⣿⣿⣿⣿⣿⣿⣿⣿⣿⣿⣿⣿││EPS  │  [Visuals] Data Viz  Dense charts and small-multiple visualizations. │       ││            │││
││⣿⣿⣿⣿⣿⣿⣿⣿⣿⣿⣿⣿⣿⣿⣿││     │  [Core] Advanced  Advanced widget patterns and composite layouts.    │       ││            │││
││⣿⣿⣿⣿⣿⣿⣿⣿⣿⣿⣿⣿⣿⣿⣿││     │  [Text] Markdown  Markdown rendering with styling and layout.        │       ││            │││
││⣿⣿⣿⣿⣿⣿⣿⣿⣿⣿⣿⣿⣿⣿⣿││     │  [Tour] Dashboard  Cinematic overview of key features and live tiles.│       ││            │││
││⣿⣿⣿⣿⣿⣿⣿⣿⣿⣿⣿⣿⣿⣿⣿││     │  [Interaction] Layout Lab  Constraint lab + interactive pane studio …│       ││            │││
││⣿⣿⣿⣿⣿⣿⣿⣿⣿⣿⣿⣿⣿⣿⣿││     │  [Text] Log Search  Search and filter logs with live updates.        │       ││            │││
││⣿⣿⣿⣿⣿⣿⣿⣿⣿⣿⣿⣿⣿⣿⣿││     │  [Tour] Guided Tour  Cinematic auto-play tour across key screens.    │       ■│            │││
││⣿⣿⣿⣿⣿⣿⣿⣿⣿⣿⣿⣿⣿⣿⣿││     │  [Text] Shakespeare  Live search over Shakespeare with animated high…│■■───────────■■■──────││
││⣿⣿⣿⣿⣿⣿⣿⣿⣿⣿⣿⣿⣿⣿⣿││     │  [Systems] Performance  Render performance metrics and budgets.      │ane-3──■╭──7 pane-4──╮││
││⣿⣿⣿⣿⣿⣿⣿⣿⣿⣿⣿⣿⣿⣿⣿││     │  [Systems] Async Tasks  Async tasks and job queue visualization.     │       ■│            │││
││⣿⣿⣿⣿⣿⣿⣿⣿⣿⣿⣿⣿⣿⣿⣿││     │  [Systems] VOI Overlay  Value-of-information overlay and evidence.   │4  @90 ■│ 14x14  @10 │││
││Click → Visual ││Click╰──────────────────────────────────────────────────────────────────────╯       ││            │││
│╰───────────────╯╰────────────────────────╯╰────────────────────────╯╰───────────────╯  ││            ││            │││
│╭Text FX · 3-Up (1/2│╭────────────Activity────────────│╭─Markdown · Streaming… 0%──╮    ││            ││            │││
││Sample 1 of 3 · 3-U││SEV TIME  COMP  MESSAGE         ││▌                          │    ││            ││            │││
││1 · None · S1      ││ INFO  00:02   CPU spike detecte││                           │    ││            ││            │││
││# FX Lab · Determin││                                ││                           │    ││            ││            │││
││> *"Render truth, n││                                ││                           │    ││            ││            │││
││2 · FadeIn · S2    ││                                ││                           │    ││            ││            │││
││## GFM Stress · Led││                                ││                           │    ││            ││            │││
││1. **Bold** + _ital⋮│                                ⋮│                           │    ││            ││            │││
││3 · FadeOut · S3   ││                                ││                           │    │╰────────────│╰────────────╯││
││### Runtime Ledger ││                                ││                           │    └────────────────────────────┘│
││- [x] Tasks        ││                                ││                           │                                  │
││                   ││                                ││                           │    ╭Pane Studio─────────────────╮│
││                   ││                                ││                           │    │Drag docks | Right click mod││
││drag panes in dashb││Click → Action Timeline         ││Click → Markdown           │    │                            ││
│╰───────────────────│╰────────────────────────────────│╰───────────────────────────╯    ╰────────────────────────────╯│
│g:charts c:code e:fx m:md | drag bottom dividers: resize | 1-9:screens | t:theme | q:quit                             │
╰──────────────────────────────────────────────────────────────────────────────────────────────────────────────────────╯
 Dashboard [2/45]  Cyberpunk Aurora [h] [Cmd] [p] [d]  Mouse: AUTO (alt:ON)    Tab/Shift+Tab: next/prev    120x40 00:00 