 1: Dash │ 2: Shakes │ 3: Code │ 4: Widgets │ 5: Layout │ 6: Forms │ 7: DataViz 
╭────────────────────────────────Widget Builder────────────────────────────────╮
│╭Widget Builder Sandbox──────────────────────────────────────────────────────╮│
││Preset: Starter Kit  |  Widgets: 4  |  [P] cycle  [S] save  [X] export      ││
││                                                                            ││
││╭Presets───────────────────╮╭Intro Paragraph───────────────────────────────╮││
│││>  Starter Kit            │╰──────────────────────────────────────────────╯││
│││Status Wall               │╭Checklist─────────────────────────────────────╮││
│││Minimal                   │╰──────────────────────────────────────────────╯││
││╰──────────────────────────╯╭Build Progress────────────────────────────────╮││
││╭Widget Tree───────────────╮╰──────────────────────────────────────────────╯││
│││>  01. Paragraph [on]     │╭Throughput────────────────────────────────────╮││
│││02. List [on]             ││▁▄ ▅▇▃█▅▄▇▁▅                                  │││
│││03. Progress [on]         ││                                              │││
││╰──────────────────────────╯╰──────────────────────────────────────────────╯││
││╭Props─────────────────────────────────────────────────────────────────────╮││
│││Selected: Paragraph (#1)                                                  │││
│││Enabled: on  (E)                                                          │││
│││Border: on  (B)                                                           │││
│││Title: on   (T)                                                           │││
││╰──────────────────────────────────────────────────────────────────────────╯││
│╰────────────────────────────────────────────────────────────────────────────╯│
╰──────────────────────────────────────────────────────────────────────────────╯
 Widget Builder [33/34]  Cyberpunk Aurora        tick:0 frm:0         0x0 00:00 