 1: Dash │ 2: Shakes │ 3: Code │ 4: Widgets │ 5: Layout │ 6: Forms │ 7: DataViz 
╭─────────────────────────────────VOI Overlay──────────────────────────────────╮
│ runt╭───────────────────────────VOI Overlay────────────────────────────╮     │
│     │VOI Overlay (tick 0) [demo:fallback]                              │     │
│     │----------------------------------------------------------------  │     │
│     │Decision: —                                                       │     │
│     │                                                                  │     │
│     │Posterior Core                                                    │     │
│     │----------------------------------------------------------------  │     │
│     │p ~ Beta(a,b)  a=1.00  b=9.00                                     │     │
│     │mu=0.1000  Var=0.008182                                           │     │
│     │VOI = Var[p] - E[Var|1]                                           │     │
│     │VOI = 0.008182 - 0.007438 = 0.000744                              │     │
│     │                                                                  │     │
│     │                                                                  │     │
│     │                                                                  │     │
│     │                                                                  │     │
│     │                                                                  │     │
│     │                                                                  │     │
│     │                                                                  │     │
│     │                                                                  │     │
│     ╰──────────────────────────────────────────────────────────────────╯     │
╰──────────────────────────────────────────────────────────────────────────────╯
 VOI Overlay [30/34]  Cyberpunk Aurora          tick:0 frm:0          0x0 00:00 