 1: Tour │ 2: Dash │ 3: Shakes │ 4: Code │ 5: Widgets │ 6: Layout │ 7: Forms    
╭───────────────────────────────Determinism Lab────────────────────────────────╮
│Determinism Lab  Seed: 7  Frame: 0  Status: Live  Fault: off                  │
│                                                                              │
│┌Equivalence──────────────────────────────────┐┌Scene Preview────────────────┐│
││Strategy  Changes   Checksum             Stat││O............................││
││Full            73   0x1938543488a2153d   OK ││..ET....W...WV.F.JEDKT.....P.││
││DirtyRows       73   0x1938543488a2153d   OK ││.............................││
││FullRedraw    1080   0x1938543488a2153d   OK ││.............................││
││                                             ││.............................││
││Timeline: a2153d                             ││.............................││
││                                             ││.............................││
││Scenario: Baseline (10f)                     ││.............................││
││Controls: 1/2/3 strategy  [/] seed  Space pau│└─────────────────────────────┘│
││No runs yet. Click a scenario or press Enter.│┌Checks───────────────────────┐│
││Keys: Enter/R run selected  A run all  C log ││Scenarios  (click/Enter)  A a││
││                                             ││> Baseline (10f)             ││
││                                             ││  Drift (30f)                ││
││                                             ││  Fault Injection (1f)       ││
││                                             ││Runs  (click row to inspect) ││
││                                             ││                             ││
│└─────────────────────────────────────────────┘└─────────────────────────────┘│
╰──────────────────────────────────────────────────────────────────────────────╯
 Determinism Lab [40/45] [h] [cmd] [p] [d]  Tab/Shift+Tab: next/prev  0x0 00:00 