 1: Dash │ 2: Shakes │ 3: Code │ 4: Widgets │ 5: Layout │ 6: Forms │ 7: DataViz 
╭───────────────────────────────────Markdown───────────────────────────────────╮
│╭────Markdown Renderer────╮ ╭LLM Streaming Simulation ╮ ╭───Style Sampler────╮│
││GitHub-Flavored Markdown │ │▌                        │ │Bold  Dim  Italic  U││
││                         │ │                         │ │Strikethrough  Rever││
││Math & LaTeX Support     │ │                         │ │Dbl-Underline  Curly││
││                         │ │                         │ │                    ││
││Inline math like E = mc² │ │                         │ │Error  Success  Warn││
││and α + β = γ renders to │ │                         │ │                    ││
││Unicode.                 │ │                         │ ╰────────────────────╯│
││                         │ │                         │                       │
││Display math for complex │ │                         │ ╭──Unicode Showcase──╮│
││equations:               │ │                         │ │Text         Type   ││
││                         │ │                         │ │Hello        ASCII  ││
││  ∑ᵢ₌₁ⁿ xᵢ = n(n+1)/2    │ │                         │ │????     CJK    ││
││                         │ │                         │ │?????   Hiraga ││
││  f(x) = ∫_{−∞}^{∞}      │ │                         │ │???       Emoji  ││
││e^{−x²} dx = √{π}        │ │  [░░░░░░░░░░░░░░░░░░░░░]│ │café         Latin+ ││
││                         │ │  Detection: 0 indicators│ │α β γ δ      Greek  ││
││Greek letters: α, β, γ, δ│ │  Confidence: 0% | Chars:│ │→ ← ↑ ↓      Arrows ││
││, ε                      │ │  Space: play/pause | r: │ ╰────────────────────╯│
│╰─────────────────────────╯ ╰─────────────────────────╯                       │
╰──────────────────────────────────────────────────────────────────────────────╯
 Markdown [13/34]  Cyberpunk Aurora           tick:0 frm:0            0x0 00:00 