 1: Tour │ 2: Dash │ 3: Shakes │ 4: Code │ 5: Widgets │ 6: Layout │ 7: Forms    
╭──────────────────────────────────Layout Lab──────────────────────────────────╮
│╭─────────────────────────── Layout + Pane Studio ───────────────────────────╮│
││┌────────────────────────────── Pane Studio ───────────────────────────────┐││
│││mode:Focus sel:1 tl:0/0 ops:0 sp:3/h0/a0───────────3 pane-2──────────────╮│││
│││┃37x4  @3,4                         ││37x4  @40,4                        ││││
│││┃                                   ││                                   ││││
│││────────────────■■■■■────────────────────────────────■■■■■────────────────│││
│││╭─────────────5 pane-3──────────────■╭─────────────7 pane-4──────────────╮│││
││││37x4  @3,8                         ││37x4  @40,8                        ││││
││││                                   ││                                   ││││
│││╰───────────────────────────────────│╰───────────────────────────────────╯│││
││└──────────────────────────────────────────────────────────────────────────┘││
│╰────────────────────────────────────────────────────────────────────────────╯│
│──────────────────────────────────────────────────────────────────────────────│
│╭───────── Controls ──────────╮╭─────────────── Widget Demos ────────────────╮│
││Preset: [1] Flex Vertical    ││┌Padding─────────────┐ ┌Align (l)───────────┐││
││Direction: Vertical (d)      │││                    │ │       Center       │││
││Alignment: Start (a)         ││└────────────────────┘ └────────────────────┘││
││Gap: 0 (+/-)                 ││┌Columns─────────────┐ ┌Group───────────────┐││
││Margin: 0 (m/M)              ││└────────────────────┘ └────────────────────┘││
│╰─────────────────────────────╯╰─────────────────────────────────────────────╯│
╰──────────────────────────────────────────────────────────────────────────────╯
 Layout Lab [6/45] [h] [cmd] [p] [d]     Tab/Shift+Tab: next/prev     0x0 00:00 