╔═════════sqlite3.c═════════╗╭File Info╮
║      1 /*****************█║│{        │
║      2 ** This file is an│║╰─────────╯
║      3 ** version 3.48.0.│║╭─Context─╮
║      4 ** single large fi│║│Line 1   │
║      5 ** unit.  This all│║╰─────────╯
║      6 ** possible if the│║╭Hotspots ╮
║      7 ** of 5% or more a│║│         │
╚═══════════════════════════╝╰─────────╯
 Mode: Source · Line 1/261044 (0%) · Mat