FRANKENTUI DASHBOARD                                                                                                    
╭────Plasma─────╮╭─────Charts · Pulse─────╮╭───Code · Rust (1/28)───╮╭─────Info──────╮   ┌──────── Pane Studio ────────┐
│⣿⣿⣿⣿⣿⣿⣿⣿⣿⣿⣿⣿⣿⣿⣿││g:cycle · sparklines + m││// runtime.rs           ││FrankenTUI Kern│   │mode:Focus sel:1 tl:0/0 ops:0│
│⣿⣿⣿⣿⣿⣿⣿⣿⣿⣿⣿⣿⣿⣿⣿││CPU ▃ ▃▃▂▂▁▁▄▃▄▂▅▅▅▆ 46%││use std::{collections::H││ INLINE        │   │┃            ││             ││
│⣿⣿⣿⣿⣿⣿⣿⣿⣿⣿⣿⣿⣿⣿⣿││MEM ▅▂ ▃▁▄▄▂▂▇▅▃▅▂▃▄ 41%││                        ││Status: NOMINAL│   │┃ 14x15  @90 ││ 15x15  @104 ││
│⣿⣿⣿⣿⣿⣿⣿⣿⣿⣿⣿⣿⣿⣿⣿││NET ▁▁▁▁▁  ▁   ▇▁▁    14││use ftui_core::event::Ev││FPS: 0 Size: 1 │   │┃            ││             ││
│⣿⣿⣿⣿⣿⣿⣿⣿⣿⣿⣿⣿⣿⣿⣿││OUT ▁▁▁▃▁█  ▁▁ ▁  ▁▁▇149││use ftui_render::cell::C││Events/Theme:  │   │┃            ││             ││
│⣿⣿⣿⣿⣿⣿⣿⣿⣿⣿⣿⣿⣿⣿⣿││EPS   7 DSK   6 IO      ││use ftui_render::frame::││CPU:  4Alerts: │   │┃            ││             ││
│⣿⣿⣿⣿⣿⣿⣿⣿⣿⣿⣿⣿⣿⣿⣿││                        ││use ftui_runtime::{Cmd, ││NET:   Pipelin │   │┃            ││             ││
│⣿⣿⣿⣿⣿⣿⣿⣿⣿⣿⣿⣿⣿⣿⣿││                        ││                        ││Frame: Headroo │   │┃            ││             ││
│⣿⣿⣿⣿⣿⣿⣿⣿⣿⣿⣿⣿⣿⣿⣿││                        ││#[derive(Debug, Clone)] ││               │   │┃            ││             ││
│⣿⣿⣿⣿⣿⣿⣿⣿⣿⣿⣿⣿⣿⣿⣿││                        ││enum Msg {              ││               │   │┃            ││             ││
│⣿⣿⣿⣿⣿⣿⣿⣿⣿⣿⣿⣿⣿⣿⣿││                        ││    Tick(u64),          ││               │   │┃            ││             ││
│⣿⣿⣿⣿⣿⣿⣿⣿⣿⣿⣿⣿⣿⣿⣿││                        ││    Resize { w: u16, h: ││               │   │┃            ││             ││
│⣿⣿⣿⣿⣿⣿⣿⣿⣿⣿⣿⣿⣿⣿⣿││                        ││    Log(String),        ││               │   │┃            ││             ││
│⣿⣿⣿⣿⣿⣿⣿⣿⣿⣿⣿⣿⣿⣿⣿││                        ││    Quit,               ││               │   │┃            ■│             ││
│⣿⣿⣿⣿⣿⣿⣿⣿⣿⣿⣿⣿⣿⣿⣿││                        ││}                       ││CPU ███░░░  46%│   │─────■■■────────────■■■──────│
│⣿⣿⣿⣿⣿⣿⣿⣿⣿⣿⣿⣿⣿⣿⣿││                        ││                        ││MEM ██░░░░  41%│   │╭──5 pane-3──■╭──7 pane-4───╮│
│⣿⣿⣿⣿⣿⣿⣿⣿⣿⣿⣿⣿⣿⣿⣿││                        ││struct App<T: Send + Syn││NET ░░░░░░   8%│   ││            ■│             ││
│⣿⣿⣿⣿⣿⣿⣿⣿⣿⣿⣿⣿⣿⣿⣿││                        ││    frames: u64,        ││FRM         n/a│   ││ 14x16  @90 ■│ 15x16  @104 ││
│Click → Visual ││Click → Data Viz        ││Click → Code Exploreru16││Click → Perform│   ││            ││             ││
╰───────────────╯╰────────────────────────╯╰────────────────────────╯╰───────────────╯   ││            ││             ││
╭Text FX · 3-Up (1/2│╭────────────Activity────────────│╭──Markdown · Streaming… 0%──╮    ││            ││             ││
│Sample 1 of 3 · 3-U││SEV TIME  COMP  MESSAGE         ││▌                           │    ││            ││             ││
│1 · None · S1      ││ INFO  00:02   CPU spike detecte││                            │    ││            ││             ││
│# FX Lab · Determin││                                ││                            │    ││            ││             ││
│> *"Render truth, n││                                ││                            │    ││            ││             ││
│                   ││                                ││                            │    ││            ││             ││
│2 · FadeIn · S2    ││                                ││                            │    ││            ││             ││
│## GFM Stress · Led││                                ││                            │    ││            ││             ││
│1. **Bold** + _ital⋮│                                ⋮│                            │    ││            ││             ││
│2. `code` + [links]││                                ││                            │    ││            ││             ││
│3 · FadeOut · S3   ││                                ││                            │    │╰────────────│╰─────────────╯│
│### Runtime Ledger ││                                ││                            │    └─────────────────────────────┘
│- [x] Tasks        ││                                ││                            │                                   
│- [ ] Benchmarks   ││                                ││                            │    ╭Pane Studio──────────────────╮
│                   ││                                ││                            │    │Drag docks | Right click mode│
│drag panes in dashb││Click → Action Timeline         ││Click → Markdown            │    │                             │
╰───────────────────│╰────────────────────────────────│╰────────────────────────────╯    ╰─────────────────────────────╯
g:charts c:code e:fx m:md | drag bottom dividers: resize | 1-9:screens | t:theme | q:quit                               