FRANKENTUI DASHBOARD                    
╭───Plasma───╮CPU ▃ ▃▃▂▂▁▁▄▃▄▂▅▅▅▆▂▄▅▃▆▅
│⣿⣿⣿⣿⣿⣿⣿⣿⣿⣿⣿⣿│MEM ▅▂ ▃▁▄▄▂▂▇▅▃▅▂▃▄▆▄▇█▂▆
│⣿⣿⣿⣿⣿⣿⣿⣿⣿⣿⣿⣿│                          
│⣿⣿⣿⣿⣿⣿⣿⣿⣿⣿⣿⣿│                          
│⣿⣿⣿⣿⣿⣿⣿⣿⣿⣿⣿⣿│                          
│⣿⣿⣿⣿⣿⣿⣿⣿⣿⣿⣿⣿│                          
│Click → Visu│FPS:0 40x10               
╰────────────╯                          
t:theme q:quit                          