╭────────────────────────Sparklines────────────────────────╮╭───────────────────Bar Chart (Vertical)───────────────────╮
│Sine wave:                                                ││                                    ██                    │
│▄▇█▅▁ ▃▇█▆▂ ▂▆█▇▃ ▁▅█▇▄▁ ▃▇█▅▁▂                           ││                              ▇▇    ██                    │
│Cosine wave:                                              ││                              ██    ██                    │
│█▆▂ ▁▅█▇▃ ▁▄▇█▅▁ ▃▇█▆▂ ▂▆█▇▃ ▁                            ││          ▁▁    ██            ██ ▅▅ ██                    │
│Random noise:                                             ││      ▄▄  ██    ██            ██ ██ ██                    │
│█▇▁▃▁▅▃▄▄▆ █▂ ▃▃▆▃▅█▁█▄ ▇▆▃▁  ▆                           ││      ██  ██    ██     ▆▆     ██ ██ ██                    │
│SIN ████░░░░░░░░░░ COS █░░░░░░░░░░░░░ RND ███████████░░░░ ││      ██  ██ ▂▂ ██     ██ ▇▇  ██ ██ ██                    │
│                                                          ││▄▄    ██  ██ ██ ██     ██ ██  ██ ██ ██                    │
│                                                          ││██ ▅▅ ██  ██ ██ ██     ██ ██  ██ ██ ██                    │
│                                                          ││██ ██ ██  ██ ██ ██  ▇▇ ██ ██  ██ ██ ██                    │
│                                                          ││██ ██ ██  ██ ██ ██  ██ ██ ██  ██ ██ ██                    │
│                                                          ││██ ██ ██  ██ ██ ██  ██ ██ ██  ██ ██ ██                    │
│                                                          ││██ ██ ██  ██ ██ ██  ██ ██ ██  ██ ██ ██                    │
│                                                          ││██ ██ ██  ██ ██ ██  ██ ██ ██  ██ ██ ██                    │
│                                                          ││██ ██ ██  ██ ██ ██  ██ ██ ██  ██ ██ ██                    │
│                                                          ││██ ██ ██  ██ ██ ██  ██ ██ ██  ██ ██ ██                    │
│                                                          ││██ ██ ██  ██ ██ ██  ██ ██ ██  ██ ██ ██                    │
│                                                          ││   Q         Q         Q         Q                        │
╰──────────────────────────────────────────────────────────╯╰──────────────────────────────────────────────────────────╯
╭────────────────────────Line Chart────────────────────────╮╭─────────────────────Canvas + Heatmap─────────────────────╮
││⡀             ⢀          ⢀        ⢀          ⢀  ■ sin(t) ││⡏⠉⣉⣉⠭⠭⠩⠭⠩⠍⠭⠩⠩⠍⠍⠍⠍⠍⠍⠍⠍⠍⠍⠍⠍⠍⡉⣉⣉⣉⣉⢉⠩⠩⠩⠩⠩⠩⠩⠩⠩⠩⠩⠩⠩⠍⠍⠭⠩⠍⠭⠍⠭⠭⣉⣉⠉⡇│
││⢱ ⡠⢴      ⢀⠷⡀ ⡞⡄      ⣀⢤ ⡜⢆       ⡞⡄⢰⢄⡀      ⡜⢆ ■⢇cos(t) ││⡇⣏           ⢀⢀⡀⠄⠄⠄⠂⠂⠂⠂⠁⠁⠁⠁    ⠈⠈⠈⠈⠐⠐⠐⠐⠠⠠⠠⢀⡀⡀           ⣹⡇│
││ ⣇⠇ ⡇     ⢸ ⠘⣴⠁⢣     ⢀⠇⠈⣦⠃⠘⡄     ⢰⠁⢣⡇ ⢸     ⢠⠃⠘⣤⠃⢸       ││⡇⠈⠑⠢⢄⣀⣀⡀⠤⠐⠂⠊⠈                                ⠁⠑⠐⠂⠤⢀⣀⣀⡠⠔⠊⠁⡇│
││ ⢸⡀ ⢣     ⡇  ⣇ ⠘⡄    ⢸  ⣟  ⢸     ⡇ ⢸⡇  ⡇    ⡜  ⣼  ⡇      ││⡇ ⣀⠔⠊⠁⠈⠑⠐⠄⢄⢀                                  ⡀⡠⠠⠂⠊⠁⠈⠑⠢⣀ ⡇│
││ ⡎⡇ ⠸⡀   ⢸  ⢰⢹  ⢣    ⡎ ⢠⢻  ⠘⡄   ⢰⠁ ⡸⢣  ⡇   ⢠⠃  ⡟⡄ ⢱      ││⡇⡞⠁         ⠁⠁⠂⠂⠤⠠⢀⢀                  ⡀⡀⠄⠤⠐⠐⠈⠈         ⠈⢳⡇│
││⢀⠇⢱  ⡇   ⡎  ⢸⠸⡀ ⢸   ⢀⠇ ⢸ ⡇  ⡇   ⡸  ⡇⢸  ⢸   ⢸  ⢸ ⡇ ⠘⡄     ││⡇⢣⡀                 ⠈⠈⠐ ⠄⠄⡀⡀  ⢀⢀⠠⠠ ⠂⠁⠁                 ⢀⡼⡇│
││⢸ ⢸  ⢱   ⡇  ⡇ ⡇ ⠈⡆  ⢸  ⡇ ⢣  ⢇   ⡇ ⢰⠁ ⡇ ⢸   ⡇  ⡜ ⢇  ⡇     ││⡇ ⠈⠒⠢⢄⡀              ⡀⡀⠄⠠⠐⠐⠐⠉⠉⠂⠂⠂⠄⠠⢀⢀              ⢀⡠⠔⠒⠁ ⡇│
││⡎ ⠘⡄ ⠸⡀ ⢸  ⢠⠃ ⡇  ⡇  ⡎  ⡇ ⢸  ⢸  ⢠⠃ ⢸  ⢇  ⡇  ⡇  ⡇ ⢸  ⢸     ││⡇      ⠉⠂⠢⠠⡀⡀⢀⢀⠠⠠⠂⠂⠁⠁                ⠈⠈⠐⠐⠄⠄⡀⡀⢀⢀⠄⠔⠐⠉      ⡇│
││⠁  ⡇  ⡇ ⢸  ⢸  ⢸  ⢣ ⢀⠇ ⢠⠃  ⡇ ⢸  ⢸  ⡇  ⢸  ⢇ ⢠⠃ ⢸  ⢸  ⠸⡀    ││⡇     ⣀⠄⠤⠐⠂⠁⠉⠁⠉⠐⠐⠠⠠⠠⢀⢀              ⡀⡀⠄⠄⠄⠂⠂⠉⠈⠉⠈⠐⠂⠤⠠⣀     ⡇│
││   ⢇  ⢱ ⡎  ⡎  ⠸⡀ ⢸ ⢸  ⢸   ⢣  ⡇ ⡇  ⡇  ⠈⡆ ⢸ ⢸  ⡜   ⡇  ⡇    ││⡇⣠⠤⠒⠊⠉               ⢀⢈⢈⢈⠰⠰⠠⠢⠔⠄⠆⠆⡁⡁⡁⡀               ⠉⠑⠒⠤⣄⡇│
││   ⢸  ⢸ ⡇ ⢀⠇   ⡇ ⠸⡀⡎  ⡸   ⢸  ⢇⢠⠃ ⢰⠁   ⡇ ⠈⡆⡸  ⡇   ⢇  ⢱    ││⠧⠷⠶⠶⠶⠶⠶⠴⠦⠶⠴⠦⠦⠶⠴⠴⠬⠬⠬⠬⠬⠤⠤⠤⠤⠤⠤⠤⠤⠤⠤⠤⠤⠤⠤⠤⠤⠥⠥⠥⠥⠥⠦⠦⠶⠴⠴⠦⠶⠴⠦⠶⠶⠶⠶⠶⠾⠇│
││   ⠘⡄  ⣧⠃ ⢸    ⢱  ⣇⠇  ⡇    ⡇ ⢸⡸  ⢸    ⢸  ⢇⡇ ⢸    ⢸  ⢸ ⡜  ││Heatmap                                                   │
││    ⢣  ⢻  ⡇    ⠘⡄ ⢹  ⢰⠁    ⢣  ⡇  ⡎    ⠘⡄ ⢸⠁ ⡎     ⡇  ⡟   ││                                                          │
││    ⠘⡄⢠⠛⡄⢸      ⡇ ⡎⡇ ⡇     ⠘⡄⢸⢸ ⢠⠃     ⢣ ⡏⡆⢀⠇     ⢸ ⢠⠢⡀  ││                                                          │
││     ⢣⠎ ⠘⡎      ⠸⠒⠁⠸⡸       ⠘⡎⠈⡶⠁      ⠘⡼ ⠉⠚      ⠈⡶⠁ ⠑  ││                                                          │
││     ⠈              ⠁                   ⠁                ││                                                          │
│└─────────────────────────────────────────────────────────││                                                          │
╰──────────────────────────────────────────────────────────╯╰──────────────────────────────────────────────────────────╯
Tick: 35 | Ctrl+←/→: panels | d: toggle bar direction                                                                   