Determinism Lab  Seed: 7  Frame: 0  Status: Live  Fault: ON                                                             
                                                                                                                        
┌Equivalence───────────────────────────────────────────────────────────┐┌Scene Preview─────────────────────────────────┐
│Strategy  Changes   Checksum             Status                       ││O.............................................│
│Full            73   0x1938543488a2153d   OK                          ││..ET....W...WV.F.JEDKT.....P.....NU.I....B....│
│DirtyRows       73   0x24934dc10e253c8e   MISMATCH                    ││..............................................│
│FullRedraw    1080   0x1938543488a2153d   OK                          ││..............................................│
│                                                                      ││..............................................│
│Mismatch: DirtyRows first at (0, 0) delta 1                           ││..............................................│
│                                                                      ││..............................................│
│Timeline: a2153d                                                      ││..............................................│
│                                                                      ││M.....K..LW......JI.I..N....Y..DUF.......TA...│
│Scenario: Baseline (10f)                                              ││...R.X...V....A.CH....O..F..GN....EZ...B...TK.│
│Controls: 1/2/3 strategy  [/] seed  Space pause  F fault  E export  En││..............................................│
│No runs yet. Click a scenario or press Enter.                         ││..............................................│
│Keys: Enter/R run selected  A run all  C log checksum                 ││..............................................│
│                                                                      ││..............................................│
│                                                                      ││..............................................│
│                                                                      ││..............................................│
│                                                                      ││S........Z.FA..BG.S...C.E........R...NA......P│
│                                                                      ││..............................................│
│                                                                      ││                                              │
│                                                                      │└──────────────────────────────────────────────┘
│                                                                      │┌Checks────────────────────────────────────────┐
│                                                                      ││Scenarios  (click/Enter)  A all               │
│                                                                      ││> Baseline (10f)                              │
│                                                                      ││  Drift (30f)                                 │
│                                                                      ││  Fault Injection (1f)                        │
│                                                                      ││Runs  (click row to inspect)                  │
│                                                                      ││                                              │
│                                                                      ││                                              │
│                                                                      ││                                              │
│                                                                      ││                                              │
│                                                                      ││                                              │
│                                                                      ││                                              │
│                                                                      ││                                              │
│                                                                      ││                                              │
│                                                                      ││                                              │
│                                                                      ││                                              │
└──────────────────────────────────────────────────────────────────────┘└──────────────────────────────────────────────┘