Determinism Lab  Seed: 7  Frame: 0  Status: Live  Fault: off                    
                                                                                
┌Equivalence───────────────────────────────────┐┌Scene Preview─────────────────┐
│Strategy  Changes   Checksum             Statu││O.............................│
│Full            73   0x1938543488a2153d   OK  ││..ET....W...WV.F.JEDKT.....P..│
│DirtyRows       73   0x1938543488a2153d   OK  ││..............................│
│FullRedraw    1080   0x1938543488a2153d   OK  ││..............................│
│                                              ││..............................│
│Timeline: a2153d                              ││..............................│
│                                              ││..............................│
│Scenario: Baseline (10f)                      ││..............................│
│Controls: 1/2/3 strategy  [/] seed  Space paus││M.....K..LW......JI.I..N....Y.│
│No runs yet. Click a scenario or press Enter. ││...R.X...V....A.CH....O..F..GN│
│Keys: Enter/R run selected  A run all  C log c│└──────────────────────────────┘
│                                              │┌Checks────────────────────────┐
│                                              ││Scenarios  (click/Enter)  A al│
│                                              ││> Baseline (10f)              │
│                                              ││  Drift (30f)                 │
│                                              ││  Fault Injection (1f)        │
│                                              ││Runs  (click row to inspect)  │
│                                              ││                              │
│                                              ││                              │
│                                              ││                              │
└──────────────────────────────────────────────┘└──────────────────────────────┘