 Intrinsic Sizing Demo • Adaptive Sidebar (1/4)                                 
╭──╮╭Content───────────────────────────────────╮  ┌─────── Pane Studio ────────┐
│??││Current width: 48                         │  │mode:Focus sel:1 tl:0/0 ops:│
│? ││Sidebar mode: Icon-only mode (width < 60) │  │┃            ││            ││
│??││                                          │  │┃ 14x8  @51, ││ 14x8  @65, ││
│??││The sidebar adapts to terminal width:     │  │┃            ││            ││
│??││• Narrow: icon-only (4 cols)              │  │┃            ││            ││
│  ││• Wide: full labels (20 cols)             │  │┃            ││            ││
│  ││                                          │  │┃            ││            ││
│  ││Try resizing your terminal!               │  │─────■■■───────────■■■──────│
│  ││                                          │  │╭──5 pane-3──■╭──7 pane-4──╮│
│  ││                                          │  ││            ■│            ││
│  ││                                          │  ││ 14x9  @51, ││ 14x9  @65, ││
│  ││                                          │  ││            ││            ││
│  ││                                          │  ││            ││            ││
│  ││                                          │  ││            ││            ││
│  ││                                          │  ││            ││            ││
│  ││                                          │  ││            ││            ││
│  ││                                          │  │╰────────────│╰────────────╯│
│  ││                                          │  └────────────────────────────┘
│  ││                                          │                                
│  ││                                          │  ╭Pane Studio─────────────────╮
│  ││                                          │  │Drag panes | Right click mod│
╰──╯╰──────────────────────────────────────────╯  ╰────────────────────────────╯