╭──────────────────────────────────────────────── Layout + Pane Studio ────────────────────────────────────────────────╮
│┌─────────────────── Preset 4: Nested Flex ───────────────────┐ ┌─────────────────── Pane Studio ────────────────────┐│
││┌─────────────Fixed(3)──────────────┐┌───────Pct(50%)───────┐│ │mode:Focus sel:1 tl:0/0 ops:0 sp:3/h0/a0e-2────────╮││
│││37x3 @(2,2)                        ││24x10 @(39,2)         ││ │┃                        ││                        │││
││└───────────────────────────────────┘│                      ││ │┃ 26x9  @66,2            ││ 26x9  @92,2            │││
││┌──────────────Min(4)───────────────┐│                      ││ │┃                        ││                        │││
│││37x13 @(2,5)                       ││                      ││ │┃                        ││                        │││
│││                                   ││                      ││ │┃                        ││                        │││
│││                                   ││                      ││ │┃                        ││                        │││
│││                                   ││                      ││ │┃                        ■│                        │││
│││                                   ││                      ││ │───────────■■■■──────────────────────■■■■───────────││
│││                                   │└──────────────────────┘│ │╭────────5 pane-3────────■╭────────7 pane-4────────╮││
│││                                   │┌───────Pct(50%)───────┐│ ││                        ■│                        │││
│││                                   ││24x9 @(39,12)         ││ ││ 26x10  @66,11          ││ 26x10  @92,11          │││
│││                                   ││                      ││ ││                        ││                        │││
│││                                   ││                      ││ ││                        ││                        │││
│││                                   ││                      ││ ││                        ││                        │││
││└───────────────────────────────────┘│                      ││ ││                        ││                        │││
││┌─────────────Fixed(3)──────────────┐│                      ││ ││                        ││                        │││
│││37x3 @(2,18)                       ││                      ││ ││                        ││                        │││
││└───────────────────────────────────┘└──────────────────────┘│ │╰────────────────────────│╰────────────────────────╯││
│└─────────────────────────────────────────────────────────────┘ └────────────────────────────────────────────────────┘│
╰──────────────────────────────────────────────────────────────────────────────────────────────────────────────────────╯
────────────────────────────────────────────────────────────────────────────────────────────────────────────────────────
╭────────────────── Controls ──────────────────╮╭──────────────────────────── Widget Demos ────────────────────────────╮
│Preset: [4] Nested Flex                       ││┌Padding──────────────────────────┐ ┌Align (l)───────────────────────┐│
│Direction: Vertical (d)                       │││                                 │ │                                ││
│Alignment: Start (a)                          │││ Padding(1)                      │ │                                ││
│Gap: 0 (+/-)                                  │││                                 │ │             Center             ││
│Margin: 0 (m/M)                               │││                                 │ │                                ││
│Padding: 1 (p/P)                              │││                                 │ │                                ││
│Constraints: > Pct(60%)    Pct(40%)           ││└─────────────────────────────────┘ └────────────────────────────────┘│
│Pane Mode: Focus (f/c/n/k)                    ││┌Columns──────────────────────────┐ ┌Group───────────────────────────┐│
│Selected: [1] (Shift+Click)                   │││A          B          C          │ │Overlayayer                     ││
│Gesture: Idle (Esc cancel)                    │││                                 │ │                                ││
│Dock: none 00%                                │││                                 │ │                                ││
│Timeline: 0/0 (u/y/R)                         │││                                 │ │                                ││
│Splitters: 3 h:0 a:0 wu:83                    │││                                 │ │                                ││
│Magnetic Field: 6.0 (wheel in pane)           ││└─────────────────────────────────┘ └────────────────────────────────┘│
╰──────────────────────────────────────────────╯╰──────────────────────────────────────────────────────────────────────╯