╭───────────────────────────────Layout Inspector───────────────────────────────╮
│╭────────Inspector────────╮  ╭────────────────────Layout─────────────────────╮│
││Scenario: FitContent Clam│  │.FitContent 12.Min 10x12→33x12 [10..∞ x 0..∞]─╮││
││Details: FitContent bound│  ││          │  │                               │││
││Step: Constraints - Inspe│  ││          │  │                               │││
││                         │  ││          │  │                               │││
││Overlay: on   Tree: on   │  ││          │  │                               │││
││                         │  ││          │  │                               │││
││Keys: n/p scenario  [/ ] │  ││          │  │                               │││
││                         │  ││          │  │                               │││
││FitRoot  req 47x12  got 4│  ││          │  │                               │││
││  FitContent  req 18x12  │  ││          │  │                               │││
││  Min  req 10x12  got 33x│  ││          │  │                               │││
││                         │  │.──────────╯  .──.─────.──────────────────────╯││
││                         │  ╰───────────────────────────────────────────────╯│
││                         │                                                   │
││                         │  ╭─────────────────────Tree──────────────────────╮│
││                         │  │FitRoot req=47x12 got=47x12 min=0x0 max=0x0    ││
││                         │  │  FitContent req=18x12 got=12x12 min=12x0 max=1││
││                         │  │  Min req=10x12 got=33x12 min=10x0 max=0x0     ││
││                         │  │                                               ││
││                         │  │                                               ││
│╰─────────────────────────╯  ╰───────────────────────────────────────────────╯│
╰──────────────────────────────────────────────────────────────────────────────╯