╭───────────────Inspector────────────────╮  ╭───────────────────Layout────────────────────╮  ┌────── Pane Studio ──────┐
│Scenario: Flex Trio                     │  │╭Fixed 45x3 [0..∞ x 3..3])──────────────────╮│  │mode:Focus sel:1 tl:0/0 o│
│Details: Vertical flex: Fixed + Min + Ma│  ││                                           ││  │┃          ││           ││
│Step: Constraints - Inspect min/max boun│  │╰───────────────────────────────────────────╯│  │┃ 12x19  @ ││ 13x19  @1 ││
│                                        │  │                                             │  │┃          ││           ││
│Overlay: on   Tree: on                  │  │.Min 45x4→45x14 [0..∞ x 4..∞]───────────────.│  │┃          ││           ││
│                                        │  ││                                           ││  │┃          ││           ││
│Keys: n/p scenario  [/ ] step  o overlay│  ││                                           ││  │┃          ││           ││
│                                        │  │.                                           .│  │┃          ││           ││
│FlexRoot  req 45x25  got 45x25  min 0x0 │  ││                                           ││  │┃          ││           ││
│  Fixed  req 45x3  got 45x3  min 0x3  ma│  ││                                           ││  │┃          ││           ││
│  Min  req 45x4  got 45x14  min 0x4  max│  ││                                           ││  │┃          ││           ││
│  Max  req 45x6  got 45x6  min 0x0  max │  ││                                           ││  │┃          ││           ││
│                                        │  ││                                           ││  │┃          ││           ││
│                                        │  ││                                           ││  │┃          ││           ││
│                                        │  ││                                           ││  │┃          ││           ││
│                                        │  ││                                           ││  │┃          ││           ││
│                                        │  ││                                           ││  │┃          ■│           ││
│                                        │  │╰───────────────────────────────────────────╯│  │┃          ■│           ││
│                                        │  │                                             │  │────■■■──────────■■■─────│
│                                        │  │╭Max 45x6 [0..∞ x 0..6]6)───────────────────╮│  │╭─5 pane-3─■╭─7 pane-4──╮│
│                                        │  ││                                           ││  ││          ■│           ││
│                                        │  ││                                           ││  ││ 12x19  @ ││ 13x19  @1 ││
│                                        │  ││                                           ││  ││          ││           ││
│                                        │  ││                                           ││  ││          ││           ││
│                                        │  │╰───────────────────────────────────────────╯│  ││          ││           ││
│                                        │  ╰─────────────────────────────────────────────╯  ││          ││           ││
│                                        │                                                   ││          ││           ││
│                                        │  ╭────────────────────Tree─────────────────────╮  ││          ││           ││
│                                        │  │FlexRoot req=45x25 got=45x25 min=0x0 max=0x0 │  ││          ││           ││
│                                        │  │  Fixed req=45x3 got=45x3 min=0x3 max=0x3    │  ││          ││           ││
│                                        │  │  Min req=45x4 got=45x14 min=0x4 max=0x0     │  ││          ││           ││
│                                        │  │  Max req=45x6 got=45x6 min=0x0 max=0x6      │  ││          ││           ││
│                                        │  │                                             │  ││          ││           ││
│                                        │  │                                             │  ││          ││           ││
│                                        │  │                                             │  ││          ││           ││
│                                        │  │                                             │  ││          ││           ││
│                                        │  │                                             │  ││          ││           ││
│                                        │  │                                             │  │╰──────────│╰───────────╯│
╰────────────────────────────────────────╯  ╰─────────────────────────────────────────────╯  └─────────────────────────┘