╭──────────────────────────── Layout + Pane Studio ────────────────────────────╮
│┌─────────────────────────────── Pane Studio ────────────────────────────────┐│
││mode:Focus sel:1 tl:0/0 ops:0 sp:3/h0/a0─────────────3 pane-2──────────────╮││
││┃                                    ││                                    │││
││┃ 38x5  @2,2                         ││ 38x5  @40,2                        │││
││┃                                    ││                                    │││
││────────────────■■■■■─────────────────────────────────■■■■■─────────────────││
││╭──────────────5 pane-3──────────────■╭──────────────7 pane-4──────────────╮││
│││                                    ││                                    │││
│││ 38x5  @2,7                         ││ 38x5  @40,7                        │││
│││                                    ││                                    │││
││╰────────────────────────────────────│╰────────────────────────────────────╯││
│└────────────────────────────────────────────────────────────────────────────┘│
╰──────────────────────────────────────────────────────────────────────────────╯
────────────────────────────────────────────────────────────────────────────────
╭────────── Controls ──────────╮╭──────────────── Widget Demos ────────────────╮
│Preset: [1] Flex Vertical     ││┌Padding──────────────┐ ┌Align (l)───────────┐│
│Direction: Vertical (d)       │││                     │ │       Center       ││
│Alignment: Start (a)          │││                     │ │                    ││
│Gap: 0 (+/-)                  ││└─────────────────────┘ └────────────────────┘│
│Margin: 0 (m/M)               ││┌Columns──────────────┐ ┌Group───────────────┐│
│Padding: 1 (p/P)              │││A      B      C      │ │Overlayayer         ││
│Constraints: > Fixed(5)    Pct││└─────────────────────┘ └────────────────────┘│
╰──────────────────────────────╯╰──────────────────────────────────────────────╯