╭───────────────────────────────────────────────────Layout Inspector───────────────────────────────────────────────────╮
│╭───────────────Inspector────────────────╮  ╭─────────────────────────────────Layout─────────────────────────────────╮│
││Scenario: Flex Trio                     │  │╭Fixed 72x3 [0..∞ x 3..3]───────Fixed(3)───────────────────────────────╮││
││Details: Vertical flex: Fixed + Min + Ma│  ││                                                                      │││
││Step: Constraints - Inspect min/max boun│  │╰──────────────────────────────────────────────────────────────────────╯││
││                                        │  │                                                                        ││
││Overlay: on   Tree: on                  │  │.Min 72x4→72x12 [0..∞ x 4..∞]────Min(4)────────────────────────────────.││
││                                        │  ││                                                                      │││
││Keys: n/p scenario  [/ ] step  o overlay│  ││                                                                      │││
││                                        │  │.                                                                      .││
││FlexRoot  req 72x23  got 72x23  min 0x0 │  ││                                                                      │││
││  Fixed  req 72x3  got 72x3  min 0x3  ma│  ││                                                                      │││
││  Min  req 72x4  got 72x12  min 0x4  max│  ││                                                                      │││
││  Max  req 72x6  got 72x6  min 0x0  max │  ││                                                                      │││
││                                        │  ││                                                                      │││
││                                        │  ││                                                                      │││
││                                        │  ││                                                                      │││
││                                        │  │╰──────────────────────────────────────────────────────────────────────╯││
││                                        │  │                                                                        ││
││                                        │  │╭Max 72x6 [0..∞ x 0..6]──────────Max(6)────────────────────────────────╮││
││                                        │  ││                                                                      │││
││                                        │  ││                                                                      │││
││                                        │  ││                                                                      │││
││                                        │  ││                                                                      │││
││                                        │  │╰──────────────────────────────────────────────────────────────────────╯││
││                                        │  ╰────────────────────────────────────────────────────────────────────────╯│
││                                        │                                                                            │
││                                        │  ╭──────────────────────────────────Tree──────────────────────────────────╮│
││                                        │  │FlexRoot req=72x23 got=72x23 min=0x0 max=0x0                            ││
││                                        │  │  Fixed req=72x3 got=72x3 min=0x3 max=0x3                               ││
││                                        │  │  Min req=72x4 got=72x12 min=0x4 max=0x0                                ││
││                                        │  │  Max req=72x6 got=72x6 min=0x0 max=0x6                                 ││
││                                        │  │                                                                        ││
││                                        │  │                                                                        ││
││                                        │  │                                                                        ││
││                                        │  │                                                                        ││
││                                        │  │                                                                        ││
││                                        │  │                                                                        ││
│╰────────────────────────────────────────╯  ╰────────────────────────────────────────────────────────────────────────╯│
╰──────────────────────────────────────────────────────────────────────────────────────────────────────────────────────╯