╭──────────────────────────────────────────────── Layout + Pane Studio ────────────────────────────────────────────────╮
│┌────────────────── Preset 1: Flex Vertical ──────────────────┐ ┌─────────────────── Pane Studio ────────────────────┐│
││┌Fix┐┌────Pct(30%)────┐┌─Min(3)──┐┌Max(1┐┌────Ratio(1/3)────┐│ │mode:Focus sel:1 tl:0/0 ops:0 sp:3/h0/a0e-2────────╮││
│││   ││18x19 @(7,2)    ││11x19 @(2││7x19 ││20x19 @(43,2)     ││ │┃                        ││                        │││
│││   ││                ││         ││     ││                  ││ │┃ 26x9  @66,2            ││ 26x9  @92,2            │││
│││   ││                ││         ││     ││                  ││ │┃                        ││                        │││
│││   ││                ││         ││     ││                  ││ │┃                        ││                        │││
│││   ││                ││         ││     ││                  ││ │┃                        ││                        │││
│││   ││                ││         ││     ││                  ││ │┃                        ││                        │││
│││   ││                ││         ││     ││                  ││ │┃                        ■│                        │││
│││   ││                ││         ││     ││                  ││ │───────────■■■■──────────────────────■■■■───────────││
│││   ││                ││         ││     ││                  ││ │╭────────5 pane-3────────■╭────────7 pane-4────────╮││
│││   ││                ││         ││     ││                  ││ ││                        ■│                        │││
│││   ││                ││         ││     ││                  ││ ││ 26x10  @66,11          ││ 26x10  @92,11          │││
│││   ││                ││         ││     ││                  ││ ││                        ││                        │││
│││   ││                ││         ││     ││                  ││ ││                        ││                        │││
│││   ││                ││         ││     ││                  ││ ││                        ││                        │││
│││   ││                ││         ││     ││                  ││ ││                        ││                        │││
│││   ││                ││         ││     ││                  ││ ││                        ││                        │││
│││   ││                ││         ││     ││                  ││ ││                        ││                        │││
││└───┘└────────────────┘└─────────┘└─────┘└──────────────────┘│ │╰────────────────────────│╰────────────────────────╯││
│└─────────────────────────────────────────────────────────────┘ └────────────────────────────────────────────────────┘│
╰──────────────────────────────────────────────────────────────────────────────────────────────────────────────────────╯
────────────────────────────────────────────────────────────────────────────────────────────────────────────────────────
╭────────────────── Controls ──────────────────╮╭──────────────────────────── Widget Demos ────────────────────────────╮
│Preset: [1] Flex Vertical                     ││┌Padding──────────────────────────┐ ┌Align (l)───────────────────────┐│
│Direction: Horizontal (d)                     │││                                 │ │                                ││
│Alignment: Start (a)                          │││ Padding(1)                      │ │                                ││
│Gap: 0 (+/-)                                  │││                                 │ │             Center             ││
│Margin: 0 (m/M)                               │││                                 │ │                                ││
│Padding: 1 (p/P)                              │││                                 │ │                                ││
│Constraints: > Fixed(5)    Pct(30%)    Min(3) ││└─────────────────────────────────┘ └────────────────────────────────┘│
│Pane Mode: Focus (f/c/n/k)                    ││┌Columns──────────────────────────┐ ┌Group───────────────────────────┐│
│Selected: [1] (Shift+Click)                   │││A          B          C          │ │Overlayayer                     ││
│Gesture: Idle (Esc cancel)                    │││                                 │ │                                ││
│Dock: none 00%                                │││                                 │ │                                ││
│Timeline: 0/0 (u/y/R)                         │││                                 │ │                                ││
│Splitters: 3 h:0 a:0 wu:83                    │││                                 │ │                                ││
│Magnetic Field: 6.0 (wheel in pane)           ││└─────────────────────────────────┘ └────────────────────────────────┘│
╰──────────────────────────────────────────────╯╰──────────────────────────────────────────────────────────────────────╯