╭────────Inspector─────────╮  ╭─────────────────────Layout─────────────────────╮
│Scenario: Flex Trio       │  │╭Fixed 48x3 [0..∞ x 3..3](3)───────────────────╮│
│Details: Vertical flex: Fi│  ││                                              ││
│Step: Constraints - Inspec│  │╰──────────────────────────────────────────────╯│
│                          │  │                                                │
│Overlay: on   Tree: on    │  │.Min 48x4→48x7 [0..∞ x 4..∞]───────────────────.│
│                          │  ││                                              ││
│Keys: n/p scenario  [/ ] s│  ││                                              ││
│                          │  │.                                              .│
│FlexRoot  req 48x14  got 4│  ││                                              ││
│  Fixed  req 48x3  got 48x│  ││                                              ││
│  Min  req 48x4  got 48x7 │  │╰──────────────────────────────────────────────╯│
│  Max  req 48x6  got 48x2 │  │                                                │
│                          │  │.Max 48x6→48x2 [0..∞ x 0..6]───────────────────.│
│                          │  │.──────────────────────────────────────────────.│
│                          │  ╰────────────────────────────────────────────────╯
│                          │                                                    
│                          │  ╭──────────────────────Tree──────────────────────╮
│                          │  │FlexRoot req=48x14 got=48x14 min=0x0 max=0x0    │
│                          │  │  Fixed req=48x3 got=48x3 min=0x3 max=0x3       │
│                          │  │  Min req=48x4 got=48x7 min=0x4 max=0x0         │
│                          │  │  Max req=48x6 got=48x2 min=0x0 max=0x6         │
│                          │  │                                                │
╰──────────────────────────╯  ╰────────────────────────────────────────────────╯