╭───────────────────────────────Layout Inspector───────────────────────────────╮
│╭────────Inspector────────╮  ╭────────────────────Layout─────────────────────╮│
││Scenario: Flex Trio      │  │╭Fixed 47x3 [0..∞ x 3..3]3)───────────────────╮││
││Details: Vertical flex: F│  ││                                             │││
││Step: Constraints - Inspe│  │╰─────────────────────────────────────────────╯││
││                         │  │                                               ││
││Overlay: on   Tree: on   │  │.Min 47x4→47x5 [0..∞ x 4..∞]──────────────────.││
││                         │  ││                                             │││
││Keys: n/p scenario  [/ ] │  ││                                             │││
││                         │  │.                                             .││
││FlexRoot  req 47x12  got │  │╰─────────────────────────────────────────────╯││
││  Fixed  req 47x3  got 47│  │                                               ││
││  Min  req 47x4  got 47x5│  │.Max 47x6→47x2 [0..∞ x 0..6]──────────────────.││
││  Max  req 47x6  got 47x2│  │.─────────────────────────────────────────────.││
││                         │  ╰───────────────────────────────────────────────╯│
││                         │                                                   │
││                         │  ╭─────────────────────Tree──────────────────────╮│
││                         │  │FlexRoot req=47x12 got=47x12 min=0x0 max=0x0   ││
││                         │  │  Fixed req=47x3 got=47x3 min=0x3 max=0x3      ││
││                         │  │  Min req=47x4 got=47x5 min=0x4 max=0x0        ││
││                         │  │  Max req=47x6 got=47x2 min=0x0 max=0x6        ││
││                         │  │                                               ││
│╰─────────────────────────╯  ╰───────────────────────────────────────────────╯│
╰──────────────────────────────────────────────────────────────────────────────╯