╭───────────────────────────────Layout Inspector───────────────────────────────╮
│╭────────Inspector────────╮  ╭────────────────────Layout─────────────────────╮│
││Scenario: Tight Grid     │  │.Cell A! 25x6→23x6 [0.. .Cell B? 25x6→23x6 [25.││
││Details: 2x2 grid with in│  ││                     │ │                     │││
││Step: Constraints - Inspe│  ││                     │ │                     │││
││                         │  ││                     │ │                     │││
││Overlay: on   Tree: on   │  ││                     │ │                     │││
││                         │  │.─────────────────────╯ .─────────────────────.││
││Keys: n/p scenario  [/ ] │  │                                               ││
││                         │  │.Cell C! 25x5→23x5 [0.. .Cell D! 25x5→23x5 [25.││
││GridRoot  req 47x12  got │  ││                     │ │                     │││
││  Cell A  req 25x6  got 2│  ││                     │ │                     │││
││  Cell B  req 25x6  got 2│  ││                     │ │                     │││
││  Cell C  req 25x5  got 2│  │.─────────────────────╯ .─────────────────────.││
││  Cell D  req 25x5  got 2│  ╰───────────────────────────────────────────────╯│
││                         │                                                   │
││                         │  ╭─────────────────────Tree──────────────────────╮│
││                         │  │GridRoot req=47x12 got=47x12 min=0x0 max=0x0   ││
││                         │  │  Cell A req=25x6 got=23x6 min=0x7 max=21x0    ││
││                         │  │  Cell B req=25x6 got=23x6 min=25x7 max=0x0    ││
││                         │  │  Cell C req=25x5 got=23x5 min=0x0 max=21x4    ││
││                         │  │  Cell D req=25x5 got=23x5 min=25x0 max=0x4    ││
│╰─────────────────────────╯  ╰───────────────────────────────────────────────╯│
╰──────────────────────────────────────────────────────────────────────────────╯