╭──────── Layout + Pane Studio ────────╮
│┌─────────── Pane Studio ────────────┐│
││mode:Focus sel:1 tl:0/0 ops:0 sp:3/h││
││┃18x3  @2,2      ││18x3  @20,2     │││
││───────■■■───────────────■■■────────││
││╭────5 pane-3────│╭────7 pane-4────╮││
│││18x3  @2,5      ││18x3  @20,5     │││
││╰────────────────│╰────────────────╯││
│└────────────────────────────────────┘│
╰──────────────────────────────────────╯