╭Markdown Re╮ ╭LLM Streami╮ ╭Style Samp╮
│GitHub-Flav│ │▌          │ │Bold  Dim │
│Markdown   │ │           │ │Strikethro│
│           │ │           │ │Dbl-Underl│
│Math &     │ │           │ │          │
│LaTeX      │ │           │ │Error  Suc│
│Support    │ │  [░░░░░░░]│ │          │
│           │ │  Detection│ ╰──────────╯
│Inline math│ │  Confidenc│             
╰───────────╯ ╰───────────╯             