┌──────────────────────────────────────────────────────────────────────────────┐
│ Tier:auto Glyph:unicode Render:auto Wrap:wordchar Layout:auto Palette:default│
│                                                                              │
│                                                                              │
│                                                                              │
└──────────────────────────────────────────────────────────────────────────────┘
┌ Flow RL Labels [default] ────────────────────────────────────────────────────┐
│                                                                              │
│                                                                              │
│                                                                              │
│                                                                              │
│                                                                              │
│                                                                              │
│ ⣶⣶⣶Input⣶⣶⣶ ⣀⡄  ⢰⣶Reject⣶⣶⣶ ⣀⡄  ⢰⣶Validate⣶⡆⢀⣠   ⣶Transform⣶⣶ ⣀⡄ ⣶⣶Output⣶⣶⣶ │
│ ⠿⠿⠿⠿⠿⠿⠿⠿⠿⠿⠿⠉retry⠿⠿⠿⠿⠿⠿raw⠿⠉error⠿⠿⠿⠿⠿⠿⠿⠿⠿⠿⠏data⠉⠿⠿⠿⠿⠿⠿⠿⠿⠿⠿⠿⠿⠉result⠿⠿⠿⠿⠿⠿⠿⠿ │
│                                                                              │
│                                                                              │
│                                                                              │
│                                                                              │
│                                                                              │
│                                                                              │
└──────────────────────────────────────────────────────────────────────────────┘
NORMAL  j/k:sample t:tier p:palette H/J/K/L:pan []/{}:size o:reset ?:help       
                                                                                