┌──────────────────────────────────────────────────────────────────────────────────────────────────────────────────────┐
│ Tier:auto Glyph:unicode Render:braille Wrap:wordchar Layout:auto Dir:auto Palette:default Zoom:100% VP:auto Gen:n24 b│
│                                                                                                                      │
│                                                                                                                      │
│                                                                                                                      │
└──────────────────────────────────────────────────────────────────────────────────────────────────────────────────────┘
┌ Flow Nested Subgraphs [default] ─────────────────────────────────────────────────────────┐┌ Metrics ─────────────────┐
│                                                                                          ││                          │
│                                     ┌──────────────┐                                     ││Mode: normal              │
│                                     │Cluster B     │                                     ││Sample: Flow Nested Subgra│
│                                  ⣶⣶⣶│⣶⣶⣶⣶⣶⣶⣶⣶⣶⣶⣶⣶⣶⣶│⣶⣶⣶                                  ││Palette: default          │
│                                  ⣿⣿⣿│⣿⣿  Worker  ⣿⣿│⣿⣿⣿                                  ││Node: -                   │
│                                  ⣿⣿⣿│⣿⣿          ⣿⣿│⣿⣿⣿                                  ││Epoch: a4/l4/r4           │
│                                  ⠛⠛⠛│──────────────│⠛⠛⠛                                  ││VP: auto                  │
│                                     │Cluster A     │                                     ││                          │
│                                  ⣶⣶⣶│⣶⣶⣶⣶⣶⣶⣶⣷⣶⣶⣶⣶⣶⣶│⣶⣶⣶                                  ││Parse: -                  │
│                                  ⣿⣿⣿│⣿⣿ Gateway  ⣿⣿│⣿⣿⣿                                  ││Layout: -                 │
│                                  ⣿⣿⣿│⣿⣿          ⣿⣿│⣿⣿⣿                                  ││Render: -                 │
│                                  ⠿⠿⠿│──────────────│⠿⠿⠿                                  ││                          │
│                                     │Inner ⢲⣷⠂     │                                     ││                          │
│                                  ⣶⣶⣶│⣶⣶⣶⣶⣶⣶⣶⣷⣶⣶⣶⣶⣶⣶│⣶⣶⣶                                  ││Cache: 0/0                │
│                                  ⣿⣿⣿│⣿⣿   Core   ⣿⣿│⣿⣿⣿                                  ││Last: MISS                │
│                                  ⣿⣿⣿│⣿⣿          ⣿⣿│⣿⣿⣿                                  ││                          │
│                                  ⠿⠿⠿│⠿⠿⠿⠿⠿⠿⠿⡿⠿⠿⠿⠿⠿⠿│⠿⠿⠿                                  ││                          │
│                                     │      ⢲⣷⠂     │                                     ││                          │
│                                  ⣶⣶⣶│──────────────│⣶⣶⣶                                  ││                          │
│                                  ⣿⣿⣿│⣿⣿  Cache   ⣿⣿│⣿⣿⣿                                  ││                          │
│                                  ⣿⣿⣿│⣿⣿          ⣿⣿│⣿⣿⣿                                  ││                          │
│                                  ⠿⠿⠿│⠿⠿⠿⠿⠿⠿⠿⡿⠿⠿⠿⠿⠿⠿│⠿⠿⠿                                  ││                          │
│                                     │      ⢤⣧⠄     │                                     ││                          │
│                                  ⣤⣤⣤│──────────────│⣤⣤⣤                                  ││                          │
│                                  ⣿⣿⣿│⣿⣿  Queue   ⣿⣿│⣿⣿⣿                                  ││                          │
│                                  ⣿⣿⣿│⣿⣿          ⣿⣿│⣿⣿⣿                                  ││                          │
│                                  ⠿⠿⠿│⠿⠿⠿⠿⠿⠿⠿⠿⠿⠿⠿⠿⠿⠿│⠿⠿⠿                                  ││                          │
│                                     │              │                                     ││                          │
│                                     └──────────────┘                                     ││                          │
│                                                                                          ││                          │
└──────────────────────────────────────────────────────────────────────────────────────────┘└──────────────────────────┘
NORMAL  j/k:sample u/U:nodes x/X:density t:tier p:palette H/J/K/L:pan []/{}:size o:reset /:filter Ctrl+U:clear ?:help   
                                                                                                                        