Mermaid Showcase | Gantt Dependencies (27/29) | Layout: Auto | Score: -3.0 | Viewport: auto | OK                        
╭───────────Samples───────────╮╭──────────────────────────Viewport──────────────────────────╮╭────────Controls────────╮ 
│  Flow Basic [flow, S, branch││                       Project Alpha                        ││Layout: Auto (l)        │ 
│  Flow Subgraphs [flow, M, su││──────────────2024-01-01──────────────────────────2024-02-0─││Tier: auto (t)          │ 
│  Flow Dense [flow, L, dense,││Planning────────────────────────────────────────────────────││Guard: Default (x)      │ 
│  Flow Long Labels [flow, M, ││ Requirement  ────────                                      ││Glyphs: unicode (g)     │ 
│  Flow Unicode [flow, S, unic││ Architectur          ──────                                ││Render: braille (b)     │ 
│  Flow Styles [flow, M, class││Build───────────────────────────────────────────────────────││Wrap: wordchar (w)      │ 
│  Sequence Mini [sequence, S,││ Backend                    ────────────                    ││Styles: on (s)          │ 
│  Sequence Checkout [sequence││ Frontend                   ──────────────                  ││Links: off (u)          │ 
│  Sequence Dense [sequence, L││ Integration                            ──────              ││Init: off (I)           │ 
│  Class Basic [class, S, inhe││QA──────────────────────────────────────────────────────────││Errors: panel (e)       │ 
│  Class Members [class, M, fi││ Testing                                      ─────────     ││Viewport: auto (v)      │ 
│  State Basic [state, S, star││ Staging                                               ───  ││Zoom: 100% (+/-)        │ 
│  State Composite [state, M, ││ Release                                                   ◆││Fit: f                  │ 
│  ER Basic [er, M, cardinalit││                                                            ││Metrics: on (m)         │ 
│  Gantt Basic [gantt, M, sect││                                                            ││                        │ 
│  Mindmap Seed [mindmap, S, t││                                                            ││                        │ 
│  Mindmap Deep [mindmap, L, d││                                                            ││                        │ 
│  Pie Basic [pie, S, title, s││                                                            ││                        │ 
│  Pie Many [pie, M, many-slic││                                                            ││                        │ 
│  Gitgraph Basic [gitgraph, M││                                                            │╰────────────────────────╯ 
│  Journey Basic [journey, M, ││                                                            │╭────────Metrics─────────╮ 
│  Requirement Basic [requirem││                                                            ││Cache: hit 0  miss 1  la│ 
│  Block Beta Basic [block-bet││                                                            ││Warnings: 0             │ 
│  Block Beta Nested [block-be││                                                            ││Parse: 0.00 ms          │ 
│  Flow Node Shapes [flow, S, ││                                                            ││Layout: 0.00 ms         │ 
│  ER Multi-Entity [er, L, mul││                                                            ││Render: 0.00 ms         │ 
│> Gantt Dependencies [gantt, ││                                                            ││Viewport: auto          │ 
│  Class Hierarchy [class, L, ││                                                            ││Zoom: 100%              │ 
│  State Concurrent [state, L,││                                                            ││Iters: 0                │ 
│                             ││                                                            ││Score: -3.00            │ 
│                             ││                                                            ││Cross: 0                │ 
│                             ││                                                            ││Bends: 0                │ 
│                             ││                                                            ││Sym: 1.00               │ 
│                             ││                                                            ││Comp: 0.00              │ 
│                             ││                                                            ││Edge var: 0.00          │ 
│                             ││                                                            ││Label col: 0            │ 
╰─────────────────────────────╯╰────────────────────────────────────────────────────────────╯╰────────────────────────╯ 
j/k sample  Enter render  l layout  t tier  u links  I init  e errors  x guard  v view  +/- zoom  m metrics  ? help | pa