Mermaid Showcase | Flow Basic (1/29) | Layout: Auto | Score: 47.0 | Viewport: auto | OK                                 
╭───────────Samples───────────╮╭──────────────────────────Viewport──────────────────────────╮╭────────Controls────────╮ 
│> Flow Basic [flow, S, branch││                                                            ││Layout: Auto (l)        │ 
│  Flow Subgraphs [flow, M, su││                    ┌──────────────────┐                    ││Tier: auto (t)          │ 
│  Flow Dense [flow, L, dense,││                    │▄▄▄▄▄▄▄▄▄▄▄▄▄▄▄▄▄▄│                    ││Guard: Default (x)      │ 
│  Flow Long Labels [flow, M, ││                    │      Start       │                    ││Glyphs: unicode (g)     │ 
│  Flow Unicode [flow, S, unic││                    │                  │                    ││Render: braille (b)     │ 
│  Flow Styles [flow, M, class││                    │▀▀▀▀▀▀▀▀▀▀▀▀▀▀▀▀▀▀│                    ││Wrap: wordchar (w)      │ 
│  Sequence Mini [sequence, S,││                    └──────────────────┘                    ││Styles: on (s)          │ 
│  Sequence Checkout [sequence││                              │                             ││Links: off (u)          │ 
│  Sequence Dense [sequence, L││                              │                             ││Init: on (I)            │ 
│  Class Basic [class, S, inhe││                              │                             ││Errors: panel (e)       │ 
│  Class Members [class, M, fi││                              │                             ││Viewport: auto (v)      │ 
│  State Basic [state, S, star││                              │                             ││Zoom: 100% (+/-)        │ 
│  State Composite [state, M, ││                              │                             ││Fit: f                  │ 
│  ER Basic [er, M, cardinalit││                              │                             ││Metrics: on (m)         │ 
│  Gantt Basic [gantt, M, sect││                              │                             ││                        │ 
│  Mindmap Seed [mindmap, S, t││                             ╲╱                             ││                        │ 
│  Mindmap Deep [mindmap, L, d││                          ╲      ╱                          ││                        │ 
│  Pie Basic [pie, S, title, s││                       ╲   Check    ╱                       ││                        │ 
│  Pie Many [pie, M, many-slic││                    ╲                  ╱                    ││                        │ 
│  Gitgraph Basic [gitgraph, M││                       ╱            ╲                       │╰────────────────────────╯ 
│  Journey Basic [journey, M, ││                          ╱      ╲                          │╭────────Metrics─────────╮ 
│  Requirement Basic [requirem││                 ┌─────────────────────────┐                ││Cache: hit 0  miss 1  la│ 
│  Block Beta Basic [block-bet││                 │                         │                ││Warnings: 0             │ 
│  Block Beta Nested [block-be││                 │                         │                ││Parse: 0.00 ms          │ 
│  Flow Node Shapes [flow, S, ││                 │                         │                ││Layout: 0.00 ms         │ 
│  ER Multi-Entity [er, L, mul││                 │       Yes          No   │                ││Render: 0.00 ms         │ 
│  Gantt Dependencies [gantt, ││                 │                         │                ││Viewport: auto          │ 
│  Class Hierarchy [class, L, ││                 │                         │                ││Zoom: 100%              │ 
│  State Concurrent [state, L,││                 │                         │                ││Iters: 1                │ 
│                             ││       ┌──────────────────┐      ┌──────────────────┐       ││Score: 46.98            │ 
│                             ││       │▄▄▄▄▄▄▄▄▄▄▄▄▄▄▄▄▄▄│      │▄▄▄▄▄▄▄▄▄▄▄▄▄▄▄▄▄▄│       ││Cross: 0                │ 
│                             ││       │        OK        │      │       Fix        │       ││Bends: 0                │ 
│                             ││       │                  │      │                  │       ││Sym: 1.00               │ 
│                             ││       │▀▀▀▀▀▀▀▀▀▀▀▀▀▀▀▀▀▀│      │▀▀▀▀▀▀▀▀▀▀▀▀▀▀▀▀▀▀│       ││Comp: 0.31              │ 
│                             ││       └──────────────────┘      └──────────────────┘       ││Edge var: 1.71          │ 
│                             ││                                                            ││Label col: 0            │ 
╰─────────────────────────────╯╰────────────────────────────────────────────────────────────╯╰────────────────────────╯ 
j/k sample  Enter render  l layout  t tier  u links  I init  e errors  x guard  v view  +/- zoom  m metrics  ? help | pa