┏━━━━━━━Complete Works of William Shakespeare━━━━━━━┓╭─────Match Navigator─────╮
┃      1 The Project Gutenberg eBook of The Complet█┃│No matches yet           │
┃      2                                           │┃│                         │
┃      3 This ebook is for the use of anyone anywhe│┃│                         │
┃      4 most other parts of the world at no cost a│┃│                         │
┃      5 whatsoever. You may copy it, give it away │┃│                         │
┃      6 of the Project Gutenberg License included │┃│                         │
┃      7 at www.gutenberg.org. If you are not locat│┃│Type / to search instantl│
┃      8 you will have to check the laws of the cou│┃╰─────────────────────────╯
┃      9 before using this eBook.                  │┃╭────────Navigator────────╮
┃     10                                           │┃│▶ THE SONNETS            │
┃     11 Title: The Complete Works of William Shake│┃│  THE SONNETS            │
┃     12                                           │┃│  ALL’S WELL THAT ENDS WE│
┃     13 Author: William Shakespeare               │┃│  KING OF FRANCE.        │
┃     14                                           │┃│  COUNTESS.              │
┃     15 Release date: January 1, 1994 [eBook #100]│┃│  COUNTESS.              │
┃     16                 Most recently updated: Aug│┃╰─────────────────────────╯
┃     17                                           │┃╭─────Search Insights─────╮
┃     18 Language: English                         │┃│Section: Preamble        │
┃     19                                           │┃│Matches: 0 · View: 21 lin│
┃     20                                           │┃│                         │
┃     21                                           │┃│█████████████████████████│
┗━━━━━━━━━━━━━━━━━━━━━━━━━━━━━━━━━━━━━━━━━━━━━━━━━━━┛╰─────────────────────────╯
 Mode: Library · Line 1/196395 (0%) · Matches: 0 | Preamble                     