┏Complete Works of Willia┓╭Match Naviga╮
┃      1 The Project Gut█┃│No matches y│
┃      2                │┃│            │
┃      3 This ebook is f│┃╰────────────╯
┃      4 most other part│┃╭─Navigator──╮
┃      5 whatsoever. You│┃│▶ THE SONNET│
┃      6 of the Project │┃╰────────────╯
┃      7 at www.gutenber│┃╭Search Insig╮
┗━━━━━━━━━━━━━━━━━━━━━━━━┛╰────────────╯
 Mode: Library · Line 1/196395 (0%) · Ma