┏━━━━━━━━━━━━━━━━━━━━Complete Works of William Shakespeare━━━━━━━━━━━━━━━━━━━━┓╭────────────Match Navigator────────────╮
┃ 196376 Gutenberg™ concept of a library of electronic works that could be   │┃│No matches yet                         │
┃ 196377 freely shared with anyone. For forty years, he produced and         │┃│                                       │
┃ 196378 distributed Project Gutenberg™ eBooks with only a loose network of  │┃│                                       │
┃ 196379 volunteer support.                                                  │┃│                                       │
┃ 196380                                                                     │┃│                                       │
┃ 196381 Project Gutenberg™ eBooks are often created from several printed    │┃│                                       │
┃ 196382 editions, all of which are confirmed as not protected by copyright i│┃│                                       │
┃ 196383 the U.S. unless a copyright notice is included. Thus, we do not     │┃│                                       │
┃ 196384 necessarily keep eBooks in compliance with any particular paper     │┃│                                       │
┃ 196385 edition.                                                            │┃│                                       │
┃ 196386                                                                     │┃│                                       │
┃ 196387 Most people start at our website which has the main PG search       │┃│                                       │
┃ 196388 facility: www.gutenberg.org.                                        │┃│                                       │
┃ 196389                                                                     │┃│Type / to search instantly             │
┃ 196390 This website includes information about Project Gutenberg™,         │┃╰───────────────────────────────────────╯
┃ 196391 including how to make donations to the Project Gutenberg Literary   │┃╭───────────────Navigator───────────────╮
┃ 196392 Archive Foundation, how to help produce our new eBooks, and how to  │┃│▶ THE SONNETS                          │
┃ 196393 subscribe to our email newsletter to hear about new eBooks.         │┃│  THE SONNETS                          │
┃ 196394                                                                     │┃│  ALL’S WELL THAT ENDS WELL            │
┃ 196395                                                                     │┃│  KING OF FRANCE.                      │
┃                                                                            │┃│  COUNTESS.                            │
┃                                                                            │┃│  COUNTESS.                            │
┃                                                                            │┃│  COUNTESS.                            │
┃                                                                            │┃│  COUNTESS.                            │
┃                                                                            │┃│  COUNTESS.                            │
┃                                                                            │┃│  COUNTESS.                            │
┃                                                                            │┃│  COUNTESS.                            │
┃                                                                            │┃│  COUNTESS.                            │
┃                                                                            │┃╰───────────────────────────────────────╯
┃                                                                            │┃╭────────────Search Insights────────────╮
┃                                                                            │┃│Section: PLEASE READ THIS BEFORE YOU DIS
┃                                                                            │┃│Matches: 0 · View: 37 lines            │
┃                                                                            │┃│                                       │
┃                                                                            │┃│                                       │
┃                                                                            │┃│                                       │
┃                                                                            │┃│                                       │
┃                                                                            █┃│███████████████████████████████████████│
┗━━━━━━━━━━━━━━━━━━━━━━━━━━━━━━━━━━━━━━━━━━━━━━━━━━━━━━━━━━━━━━━━━━━━━━━━━━━━━┛╰───────────────────────────────────────╯
 Mode: Library · Line 196376/196395 (99%) · Matches: 0 | PLEASE READ THIS BEFORE YOU DISTRIBUTE O                       