┏━━━━━━━━━━━━━━━━━━━━Complete Works of William Shakespeare━━━━━━━━━━━━━━━━━━━━┓╭────────────Match Navigator────────────╮
┃      1 The Project Gutenberg eBook of The Complete Works of William Shakesp█┃│No matches yet                         │
┃      2                                                                     │┃│                                       │
┃      3 This ebook is for the use of anyone anywhere in the United States an│┃│                                       │
┃      4 most other parts of the world at no cost and with almost no restrict│┃│                                       │
┃      5 whatsoever. You may copy it, give it away or re-use it under the ter│┃│                                       │
┃      6 of the Project Gutenberg License included with this ebook or online │┃│                                       │
┃      7 at www.gutenberg.org. If you are not located in the United States,  │┃│                                       │
┃      8 you will have to check the laws of the country where you are located│┃│                                       │
┃      9 before using this eBook.                                            │┃│                                       │
┃     10                                                                     │┃│                                       │
┃     11 Title: The Complete Works of William Shakespeare                    │┃│                                       │
┃     12                                                                     │┃│                                       │
┃     13 Author: William Shakespeare                                         │┃│                                       │
┃     14                                                                     │┃│Type / to search instantly             │
┃     15 Release date: January 1, 1994 [eBook #100]                          │┃╰───────────────────────────────────────╯
┃     16                 Most recently updated: August 24, 2025              │┃╭───────────────Navigator───────────────╮
┃     17                                                                     │┃│▶ THE SONNETS                          │
┃     18 Language: English                                                   │┃│  THE SONNETS                          │
┃     19                                                                     │┃│  ALL’S WELL THAT ENDS WELL            │
┃     20                                                                     │┃│  KING OF FRANCE.                      │
┃     21                                                                     │┃│  COUNTESS.                            │
┃     22 *** START OF THE PROJECT GUTENBERG EBOOK THE COMPLETE WORKS OF WILLI│┃│  COUNTESS.                            │
┃     23                                                                     │┃│  COUNTESS.                            │
┃     24                                                                     │┃│  COUNTESS.                            │
┃     25                                                                     │┃│  COUNTESS.                            │
┃     26                                                                     │┃│  COUNTESS.                            │
┃     27 The Complete Works of William Shakespeare                           │┃│  COUNTESS.                            │
┃     28                                                                     │┃│  COUNTESS.                            │
┃     29 by William Shakespeare                                              │┃╰───────────────────────────────────────╯
┃     30                                                                     │┃╭────────────Search Insights────────────╮
┃     31                                                                     │┃│Section: Preamble                      │
┃     32                                                                     │┃│Matches: 0 · View: 37 lines            │
┃     33                                                                     │┃│                                       │
┃     34                     Contents                                        │┃│                                       │
┃     35                                                                     │┃│                                       │
┃     36     THE SONNETS                                                     │┃│                                       │
┃     37     ALL’S WELL THAT ENDS WELL                                       │┃│███████████████████████████████████████│
┗━━━━━━━━━━━━━━━━━━━━━━━━━━━━━━━━━━━━━━━━━━━━━━━━━━━━━━━━━━━━━━━━━━━━━━━━━━━━━┛╰───────────────────────────────────────╯
 Mode: Library · Line 1/196395 (0%) · Matches: 0 | Preamble                                                             