┏━━━━━━━━━━━━━━━━━━━━Complete Works of William Shakespeare━━━━━━━━━━━━━━━━━━━━┓╭────────────Match Navigator────────────╮
┃      6 of the Project Gutenberg License included with this ebook or online █┃│No matches yet                         │
┃      7 at www.gutenberg.org. If you are not located in the United States,  │┃│                                       │
┃      8 you will have to check the laws of the country where you are located│┃│                                       │
┃      9 before using this eBook.                                            │┃│                                       │
┃     10                                                                     │┃│                                       │
┃     11 Title: The Complete Works of William Shakespeare                    │┃│                                       │
┃     12                                                                     │┃│                                       │
┃     13 Author: William Shakespeare                                         │┃│                                       │
┃     14                                                                     │┃│                                       │
┃     15 Release date: January 1, 1994 [eBook #100]                          │┃│                                       │
┃     16                 Most recently updated: August 24, 2025              │┃│                                       │
┃     17                                                                     │┃│                                       │
┃     18 Language: English                                                   │┃│                                       │
┃     19                                                                     │┃│Type / to search instantly             │
┃     20                                                                     │┃╰───────────────────────────────────────╯
┃     21                                                                     │┃╭───────────────Navigator───────────────╮
┃     22 *** START OF THE PROJECT GUTENBERG EBOOK THE COMPLETE WORKS OF WILLI│┃│▶ THE SONNETS                          │
┃     23                                                                     │┃│  THE SONNETS                          │
┃     24                                                                     │┃│  ALL’S WELL THAT ENDS WELL            │
┃     25                                                                     │┃│  KING OF FRANCE.                      │
┃     26                                                                     │┃│  COUNTESS.                            │
┃     27 The Complete Works of William Shakespeare                           │┃│  COUNTESS.                            │
┃     28                                                                     │┃│  COUNTESS.                            │
┃     29 by William Shakespeare                                              │┃│  COUNTESS.                            │
┃     30                                                                     │┃│  COUNTESS.                            │
┃     31                                                                     │┃│  COUNTESS.                            │
┃     32                                                                     │┃│  COUNTESS.                            │
┃     33                                                                     │┃│  COUNTESS.                            │
┃     34                     Contents                                        │┃╰───────────────────────────────────────╯
┃     35                                                                     │┃╭────────────Search Insights────────────╮
┃     36     THE SONNETS                                                     │┃│Section: Preamble                      │
┃     37     ALL’S WELL THAT ENDS WELL                                       │┃│Matches: 0 · View: 37 lines            │
┃     38     THE TRAGEDY OF ANTONY AND CLEOPATRA                             │┃│                                       │
┃     39     AS YOU LIKE IT                                                  │┃│                                       │
┃     40     THE COMEDY OF ERRORS                                            │┃│                                       │
┃     41     THE TRAGEDY OF CORIOLANUS                                       │┃│                                       │
┃     42     CYMBELINE                                                       │┃│███████████████████████████████████████│
┗━━━━━━━━━━━━━━━━━━━━━━━━━━━━━━━━━━━━━━━━━━━━━━━━━━━━━━━━━━━━━━━━━━━━━━━━━━━━━┛╰───────────────────────────────────────╯
 Mode: Library · Line 6/196395 (0%) · Matches: 0 | Preamble                                                             