╭──────────Aurora───────────╮ ╭─────────Graphite──────────╮ ╭───────────Neon────────────╮ ╭───────────Slate───────────╮ 
│cool glow                  │ │neutral + dense            │ │high energy                │ │balanced                   │ 
│                           │ │                           │ │                           │ │                           │ 
│Metric       │Value   │Tren│ │Metric       │Value   │Tren│ │Metric       │Value   │Tren│ │Metric       │Value   │Tren│ 
│Latency      │16.2ms  │v   │ │Latency      │16.2ms  │v   │ │Latency      │16.2ms  │v   │ │Latency      │16.2ms  │v   │ 
│Errors       │0.3%    │v   │ │Errors       │0.3%    │v   │ │Errors       │0.3%    │v   │ │Errors       │0.3%    │v   │ 
│Throughput   │9.8k/s  │^   │ │Throughput   │9.8k/s  │^   │ │Throughput   │9.8k/s  │^   │ │Throughput   │9.8k/s  │^   │ 
│Cache Hit    │94%     │^   │ │Cache Hit    │94%     │^   │ │Cache Hit    │94%     │^   │ │Cache Hit    │94%     │^   │ 
│                           │ │                           │ │                           │ │                           │ 
╰───────────────────────────╯ ╰───────────────────────────╯ ╰───────────────────────────╯ ╰───────────────────────────╯ 
                                                                                                                        
╭───────────Solar───────────╮ ╭──────────Orchard──────────╮ ╭───────────Paper───────────╮ ╭─────────Midnight──────────╮ 
│warm contrast              │ │earthy                     │ │light ink                  │ │dark focus                 │ 
│                           │ │                           │ │                           │ │                           │ 
│Metric       │Value   │Tren│ │Metric       │Value   │Tren│ │Metric       │Value   │Tren│ │Metric       │Value   │Tren│ 
│Latency      │16.2ms  │v   │ │Latency      │16.2ms  │v   │ │Latency      │16.2ms  │v   │ │Latency      │16.2ms  │v   │ 
│Errors       │0.3%    │v   │ │Errors       │0.3%    │v   │ │Errors       │0.3%    │v   │ │Errors       │0.3%    │v   │ 
│Throughput   │9.8k/s  │^   │ │Throughput   │9.8k/s  │^   │ │Throughput   │9.8k/s  │^   │ │Throughput   │9.8k/s  │^   │ 
│Cache Hit    │94%     │^   │ │Cache Hit    │94%     │^   │ │Cache Hit    │94%     │^   │ │Cache Hit    │94%     │^   │ 
│                           │ │                           │ │                           │ │                           │ 
╰───────────────────────────╯ ╰───────────────────────────╯ ╰───────────────────────────╯ ╰───────────────────────────╯ 
                                                                                                                        
╭─────Terminal Classic──────╮ ╭─────Terminal Classic+─────╮                                                             
│ANSI-16 baseline           │ │modern terminals           │                                                             
│                           │ │                           │                                                             
│Metric       │Value   │Tren│ │Metric       │Value   │Tren│                                                             
│Latency      │16.2ms  │v   │ │Latency      │16.2ms  │v   │                                                             
│Errors       │0.3%    │v   │ │Errors       │0.3%    │v   │                                                             
│Throughput   │9.8k/s  │^   │ │Throughput   │9.8k/s  │^   │                                                             
│Cache Hit    │94%     │^   │ │Cache Hit    │94%     │^   │                                                             
│                           │ │                           │                                                             
╰───────────────────────────╯ ╰───────────────────────────╯                                                             
                                                                                                                        
╭─────────────────────────────────────────────Preview · Aurora · Markdown──────────────────────────────────────────────╮
│View(V): Markdown | Header(H): Off | Zebra(Z): Subtle                                                                 │
│Border(B): Preset | Highlight(L): Off | Arrows/Tab: Select | R: Reset                                                 │
│S: Save preset | E: Export | I: Import                                                                                │
│┌────────────┬────────┬───────┐                                                                                       │
││ Metric     │ Value  │ Trend │                                                                                       │
╰──────────────────────────────────────────────────────────────────────────────────────────────────────────────────────╯