                                                                                
                                                                                
                                                                                
                                                                                
                                                                                
                                                                                
                                                                                
                                                                                
                                                                                
                                                                                
                                                                                
                                                                                
                                                                                
                                                                                
                                                                                
                                                                                
                                                                                
╭─────────────────────────Preview · Aurora · Markdown──────────────────────────╮
│View(V): Markdown | Header(H): Off | Zebra(Z): Subtle                         │
│Border(B): Preset | Highlight(L): Off | Arrows/Tab: Select | R: Reset         │
│S: Save preset | E: Export | I: Import                                        │
│┌────────────┬────────┬───────┐                                               │
││ Metric     │ Value  │ Trend │                                               │
╰──────────────────────────────────────────────────────────────────────────────╯