  A: Inputs │ ▸ B: Display │   C: Status
+ASCII+┌Squar┐╭Roun╮╭Text Style Flags──╮
+-----+└─────┘╰────╯│Bold              │
╔Doubl╗┏Heavy┓╭Cust╮│Dim               │
╚═════╝┗━━━━━┛╰────╯╰──────────────────╯
╭Paragraph Wr╮╭Lists──────╮╭Code Block─╮
│Word: The   │╰───────────╯╰───────────╯
│Char: The qu│╭Table──────╮╭Blockquote ╮
╰────────────╯╰───────────╯╰───────────╯
.*......                                