Preset: Starter Kit  |  Widgets: 4  |  [P] cycle  [S] save  [X] export                                                  
                                                                                                                        
╭Presets───────────────────╮╭Intro Paragraph───────────────────────────────────────────────────────────────────────────╮
│>  Starter Kit            ││Compose widgets, tweak props, and observe layout changes.                                 │
│Status Wall               ││                                                                                          │
│Minimal                   ││                                                                                          │
│                          ││                                                                                          │
│                          ││                                                                                          │
│                          ││                                                                                          │
│                          │╰──────────────────────────────────────────────────────────────────────────────────────────╯
│                          │╭Checklist─────────────────────────────────────────────────────────────────────────────────╮
│                          ││Wireframe                                                                                 │
│                          ││* Implement                                                                               │
│                          ││Polish                                                                                    │
│                          ││Ship                                                                                      │
│                          ││                                                                                          │
│                          ││                                                                                          │
╰──────────────────────────╯╰──────────────────────────────────────────────────────────────────────────────────────────╯
╭Widget Tree───────────────╮╭Build Progress────────────────────────────────────────────────────────────────────────────╮
│>  01. Paragraph [on]     ││                                                                                          │
│02. List [on]             ││                                                                                          │
│03. Progress [on]         ││                                                                                          │
│04. Sparkline [on]        ││                                           65%                                            │
│                          ││                                                                                          │
│                          ││                                                                                          │
│                          │╰──────────────────────────────────────────────────────────────────────────────────────────╯
│                          │╭Throughput────────────────────────────────────────────────────────────────────────────────╮
│                          ││▁▄ ▅▇▃█▅▄▇▁▅                                                                              │
│                          ││                                                                                          │
│                          ││                                                                                          │
│                          ││                                                                                          │
│                          ││                                                                                          │
│                          ││                                                                                          │
╰──────────────────────────╯╰──────────────────────────────────────────────────────────────────────────────────────────╯
╭Props─────────────────────────────────────────────────────────────────────────────────────────────────────────────────╮
│Selected: Paragraph (#1)                                                                                              │
│Enabled: on  (E)                                                                                                      │
│Border: on  (B)                                                                                                       │
│Title: on   (T)                                                                                                       │
╰──────────────────────────────────────────────────────────────────────────────────────────────────────────────────────╯