  A: Inputs │   B: Display │ ▸ C: Status │   D: Data Viz │   E: Navigation │   F: Layout │   G: Utility │   H: Advanced 
╭Theme Accent Gradient───────────────────────────────────────────╮╭ProgressBar─────────────────────────────────────────╮
│████████████████████████████████████████████████████████████████││                         0%                         │
╰────────────────────────────────────────────────────────────────╯│                        25%                         │
────────────────────────── Named Colors ──────────────────────────│                        50%                         │
██ Primary      ██ Secondary    ██ Success      ██ Warning        │                        75%                         │
██ Error        ██ Info         ██ Link         ██ FG Primary     │                        100%                        │
██ FG Secondary ██ FG Muted                                       ╰────────────────────────────────────────────────────╯
                                                                  ╭Spinners────────────────────────────────────────────╮
                                                                  │⠋ Loading (DOTS)                                    │
                                                                  ╰────────────────────────────────────────────────────╯
                                                                  ╭Toast───────────────────────────────────────────────╮
                                                                  │┌───────────────────────────────┐                   │
                                                                  ││Success                        │                   │
                                                                  ││✓ Settings saved successfully  │                   │
                                                                  │└───────────────────────────────┘                   │
                                                                  │                                                    │
                                                                  │                                                    │
                                                                  │                                                    │
                                                                  │                                                    │
                                                                  │                                                    │
                                                                  │                                                    │
                                                                  │                                                    │
                                                                  │                                                    │
                                                                  │                                                    │
                                                                  │                                                    │
                                                                  │                                                    │
                                                                  │                                                    │
                                                                  │                                                    │
                                                                  │                                                    │
                                                                  │                                                    │
                                                                  │                                                    │
                                                                  │                                                    │
                                                                  │                                                    │
                                                                  │                                                    │
──────────────────────── Semantic Badges ─────────────────────────│                                                    │
 OPEN   PROG   BLKD   DONE                                        │                                                    │
 P0   P1   P2   P3   P4                                           │                                                    │
                                                                  ╰────────────────────────────────────────────────────╯
..*.....                                                                                                                