╭Widget Builder Sandbox────────────────────────────────────────────────────────────────────────────────────────────────╮
│Preset: Minimal  |  Widgets: 3  |  [P] cycle  [S] save  [X] export                                                    │
│                                                                                                                      │
│╭Presets───────────────────╮╭Message─────────────────────────────────────────────────────────────────────────────────╮│
││Starter Kit               ││Compose widgets, tweak props, and observe layout changes.                               ││
││Status Wall               ││                                                                                        ││
││>  Minimal                ││                                                                                        ││
││                          ││                                                                                        ││
││                          ││                                                                                        ││
││                          ││                                                                                        ││
││                          ││                                                                                        ││
││                          ││                                                                                        ││
││                          │╰────────────────────────────────────────────────────────────────────────────────────────╯│
││                          │╭Priority────────────────────────────────────────────────────────────────────────────────╮│
││                          ││ STANDBY                                                                                ││
││                          ││                                                                                        ││
││                          ││                                                                                        ││
│╰──────────────────────────╯│                                                                                        ││
│╭Widget Tree───────────────╮│                                                                                        ││
││>  01. Paragraph [on]     ││                                                                                        ││
││02. Badge [on]            ││                                                                                        ││
││03. List [on]             ││                                                                                        ││
││                          │╰────────────────────────────────────────────────────────────────────────────────────────╯│
││                          │╭Steps───────────────────────────────────────────────────────────────────────────────────╮│
││                          ││Wireframe                                                                               ││
││                          ││Implement                                                                               ││
││                          ││* Polish                                                                                ││
││                          ││Ship                                                                                    ││
││                          ││                                                                                        ││
││                          ││                                                                                        ││
││                          ││                                                                                        ││
││                          ││                                                                                        ││
│╰──────────────────────────╯╰────────────────────────────────────────────────────────────────────────────────────────╯│
│╭Props───────────────────────────────────────────────────────────────────────────────────────────────────────────────╮│
││Selected: Paragraph (#1)                                                                                            ││
││Enabled: on  (E)                                                                                                    ││
││Border: on  (B)                                                                                                     ││
││Title: on   (T)                                                                                                     ││
│╰────────────────────────────────────────────────────────────────────────────────────────────────────────────────────╯│
╰──────────────────────────────────────────────────────────────────────────────────────────────────────────────────────╯