╭Widget Builder Sandbox────────────────────────────────────────────────────────╮
│Preset: Starter Kit  |  Widgets: 4  |  [P] cycle  [S] save  [X] export        │
│                                                                              │
│╭Presets───────────────────╮╭Intro Paragraph─────────────────────────────────╮│
││>  Starter Kit            ││Compose widgets, tweak props, and observe layout││
││Status Wall               │╰────────────────────────────────────────────────╯│
││Minimal                   │╭Checklist───────────────────────────────────────╮│
││                          ││* Implement                                     ││
││                          │╰────────────────────────────────────────────────╯│
│╰──────────────────────────╯╭Build Progress──────────────────────────────────╮│
│╭Widget Tree───────────────╮│                      65%                       ││
││>  01. Paragraph [on]     │╰────────────────────────────────────────────────╯│
││02. List [on]             │╭Throughput──────────────────────────────────────╮│
││03. Progress [on]         ││▁▄ ▅▇▃█▅▄▇▁▅                                    ││
││04. Sparkline [on]        ││                                                ││
││                          ││                                                ││
│╰──────────────────────────╯╰────────────────────────────────────────────────╯│
│╭Props───────────────────────────────────────────────────────────────────────╮│
││Selected: Paragraph (#1)                                                    ││
││Enabled: on  (E)                                                            ││
││Border: on  (B)                                                             ││
││Title: on   (T)                                                             ││
│╰────────────────────────────────────────────────────────────────────────────╯│
╰──────────────────────────────────────────────────────────────────────────────╯