╭Widget Builder Sandbox────────────────────────────────────────────────────────────────────────────────────────────────╮
│Preset: Status Wall  |  Widgets: 4  |  [P] cycle  [S] save  [X] export                                                │
│                                                                                                                      │
│╭Presets───────────────────╮╭Status Badge────────────────────────────────────────────────────────────────────────────╮│
││Starter Kit               ││ STANDBY                                                                                ││
││>  Status Wall            ││                                                                                        ││
││Minimal                   ││                                                                                        ││
││                          ││                                                                                        ││
││                          ││                                                                                        ││
││                          │╰────────────────────────────────────────────────────────────────────────────────────────╯│
││                          │╭Upload──────────────────────────────────────────────────────────────────────────────────╮│
││                          ││                                                                                        ││
││                          ││                                                                                        ││
││                          ││                                          30%                                           ││
││                          ││                                                                                        ││
││                          ││                                                                                        ││
││                          │╰────────────────────────────────────────────────────────────────────────────────────────╯│
│╰──────────────────────────╯╭Latency─────────────────────────────────────────────────────────────────────────────────╮│
│╭Widget Tree───────────────╮│▁▄ ▅▇▃█▅▄▇▁▅                                                                            ││
││>  01. Badge [on]         ││                                                                                        ││
││02. Progress [on]         ││                                                                                        ││
││03. Sparkline [on]        ││                                                                                        ││
││04. Paragraph [on]        ││                                                                                        ││
││                          │╰────────────────────────────────────────────────────────────────────────────────────────╯│
││                          │╭Summary─────────────────────────────────────────────────────────────────────────────────╮│
││                          ││Compose widgets, tweak props, and observe layout changes.                               ││
││                          ││                                                                                        ││
││                          ││                                                                                        ││
││                          ││                                                                                        ││
││                          ││                                                                                        ││
││                          ││                                                                                        ││
││                          ││                                                                                        ││
│╰──────────────────────────╯╰────────────────────────────────────────────────────────────────────────────────────────╯│
│╭Props───────────────────────────────────────────────────────────────────────────────────────────────────────────────╮│
││Selected: Badge (#1)                                                                                                ││
││Enabled: on  (E)                                                                                                    ││
││Border: on  (B)                                                                                                     ││
││Title: on   (T)                                                                                                     ││
│╰────────────────────────────────────────────────────────────────────────────────────────────────────────────────────╯│
╰──────────────────────────────────────────────────────────────────────────────────────────────────────────────────────╯