╭Widget Builder Sandbox────────────────────────────────────────────────────────────────────────────────────────────────╮
│Preset: Starter Kit  |  Widgets: 4  |  [P] cycle  [S] save  [X] export                                                │
│                                                                                                                      │
│╭Presets───────────────────╮╭Intro Paragraph─────────────────────────────────────────────────────────────────────────╮│
││>  Starter Kit            ││Compose widgets, tweak props, and observe layout changes.                               ││
││Status Wall               ││                                                                                        ││
││Minimal                   ││                                                                                        ││
││                          ││                                                                                        ││
││                          ││                                                                                        ││
││                          │╰────────────────────────────────────────────────────────────────────────────────────────╯│
││                          │╭Checklist───────────────────────────────────────────────────────────────────────────────╮│
││                          ││Wireframe                                                                               ││
││                          ││* Implement                                                                             ││
││                          ││Polish                                                                                  ││
││                          ││Ship                                                                                    ││
││                          ││                                                                                        ││
││                          │╰────────────────────────────────────────────────────────────────────────────────────────╯│
│╰──────────────────────────╯╭Build Progress──────────────────────────────────────────────────────────────────────────╮│
│╭Widget Tree───────────────╮│                                                                                        ││
││>  01. Paragraph [on]     ││                                                                                        ││
││02. List [on]             ││                                          65%                                           ││
││03. Progress [on]         ││                                                                                        ││
││04. Sparkline [on]        ││                                                                                        ││
││                          │╰────────────────────────────────────────────────────────────────────────────────────────╯│
││                          │╭Throughput──────────────────────────────────────────────────────────────────────────────╮│
││                          ││▁▄ ▅▇▃█▅▄▇▁▅                                                                            ││
││                          ││                                                                                        ││
││                          ││                                                                                        ││
││                          ││                                                                                        ││
││                          ││                                                                                        ││
││                          ││                                                                                        ││
││                          ││                                                                                        ││
│╰──────────────────────────╯╰────────────────────────────────────────────────────────────────────────────────────────╯│
│╭Props───────────────────────────────────────────────────────────────────────────────────────────────────────────────╮│
││Selected: Paragraph (#1)                                                                                            ││
││Enabled: on  (E)                                                                                                    ││
││Border: on  (B)                                                                                                     ││
││Title: on   (T)                                                                                                     ││
│╰────────────────────────────────────────────────────────────────────────────────────────────────────────────────────╯│
╰──────────────────────────────────────────────────────────────────────────────────────────────────────────────────────╯