┌ Inspector Demo ────────────────────────────────┐
│Hit regions             [48;2;0;0;0m                        [0m│
│- Button                [48;2;0;0;0m Inspector              [0m│
│- [48;2;0;200;255mContent     [0m          [48;2;0;0;0m                        [0m│
│  [48;2;0;200;255m            [0m          [48;2;0;0;0m Mode: Hit Regions      [0m│
│  [48;2;0;200;255m            [0m          [48;2;0;0;0m Hover: (4,7)           [0m│
│                        [48;2;0;0;0m Region: Content        [0m│
│  [48;2;255;165;0m [0m[48;2;255;255;0m [0m[48;2;255;165;0m                [0m    [48;2;0;0;0m ID: 2                  [0m│
│  [48;2;255;165;0m                  [0m    [48;2;0;0;0m                        [0m│
│                        [48;2;0;0;0m                        [0m│
│                        [48;2;0;0;0m                        [0m│
│                        [48;2;0;0;0m                        [0m│
│                        [48;2;0;0;0m                        [0m│
│                        [48;2;0;0;0m                        [0m│
│                        [48;2;0;0;0m                        [0m│
└────────────────────────[48;2;0;0;0m────────────────────────[0m┘